Component: ARM Compiler 5.06 update 6 (build 750) Tool: armlink [4d35ed]

==============================================================================

Section Cross References

    main.o(i.main) refers to sys.o(i.Cache_Enable) for Cache_Enable
    main.o(i.main) refers to stm32f7xx_hal.o(i.HAL_Init) for HAL_Init
    main.o(i.main) refers to sys.o(i.Stm32_Clock_Init) for Stm32_Clock_Init
    main.o(i.main) refers to delay.o(i.delay_init) for delay_init
    main.o(i.main) refers to usart.o(i.uart_init) for uart_init
    main.o(i.main) refers to led.o(i.LED_Init) for LED_Init
    main.o(i.main) refers to key.o(i.KEY_Init) for KEY_Init
    main.o(i.main) refers to sdram.o(i.SDRAM_Init) for SDRAM_Init
    main.o(i.main) refers to lcd.o(i.LCD_Init) for LCD_Init
    main.o(i.main) refers to w25qxx.o(i.W25QXX_Init) for W25QXX_Init
    main.o(i.main) refers to wm8978.o(i.WM8978_Init) for WM8978_Init
    main.o(i.main) refers to wm8978.o(i.WM8978_HPvol_Set) for WM8978_HPvol_Set
    main.o(i.main) refers to wm8978.o(i.WM8978_SPKvol_Set) for WM8978_SPKvol_Set
    main.o(i.main) refers to malloc.o(i.my_mem_init) for my_mem_init
    main.o(i.main) refers to 24l01.o(i.NRF24L01_Init) for NRF24L01_Init
    main.o(i.main) refers to 24l01.o(i.NRF24L01_Check) for NRF24L01_Check
    main.o(i.main) refers to recorder.o(i.buf_init) for buf_init
    main.o(i.main) refers to recorder.o(i.wm8978_config) for wm8978_config
    main.o(i.main) refers to recorder.o(i.generate_logistic) for generate_logistic
    main.o(i.main) refers to lcd.o(i.LCD_ShowString) for LCD_ShowString
    main.o(i.main) refers to key.o(i.KEY_Scan) for KEY_Scan
    main.o(i.main) refers to lcd.o(i.LCD_Fill) for LCD_Fill
    main.o(i.main) refers to recorder.o(i.send_mode) for send_mode
    main.o(i.main) refers to recorder.o(i.send_data) for send_data
    main.o(i.main) refers to delay.o(i.delay_ms) for delay_ms
    main.o(i.main) refers to recorder.o(i.receive_mode) for receive_mode
    main.o(i.main) refers to recorder.o(i.rec_data) for rec_data
    main.o(i.main) refers to lcd.o(.data) for POINT_COLOR
    main.o(i.main) refers to main.o(.bss) for .bss
    stm32f7xx_it.o(i.SysTick_Handler) refers to stm32f7xx_hal.o(i.HAL_IncTick) for HAL_IncTick
    system_stm32f7xx.o(i.SystemCoreClockUpdate) refers to system_stm32f7xx.o(.data) for .data
    system_stm32f7xx.o(i.SystemCoreClockUpdate) refers to system_stm32f7xx.o(.constdata) for .constdata
    startup_stm32f767xx.o(STACK) refers (Special) to heapauxi.o(.text) for __use_two_region_memory
    startup_stm32f767xx.o(HEAP) refers (Special) to heapauxi.o(.text) for __use_two_region_memory
    startup_stm32f767xx.o(RESET) refers (Special) to heapauxi.o(.text) for __use_two_region_memory
    startup_stm32f767xx.o(RESET) refers to startup_stm32f767xx.o(STACK) for __initial_sp
    startup_stm32f767xx.o(RESET) refers to startup_stm32f767xx.o(.text) for Reset_Handler
    startup_stm32f767xx.o(RESET) refers to stm32f7xx_it.o(i.NMI_Handler) for NMI_Handler
    startup_stm32f767xx.o(RESET) refers to stm32f7xx_it.o(i.HardFault_Handler) for HardFault_Handler
    startup_stm32f767xx.o(RESET) refers to stm32f7xx_it.o(i.BusFault_Handler) for BusFault_Handler
    startup_stm32f767xx.o(RESET) refers to stm32f7xx_it.o(i.UsageFault_Handler) for UsageFault_Handler
    startup_stm32f767xx.o(RESET) refers to stm32f7xx_it.o(i.SVC_Handler) for SVC_Handler
    startup_stm32f767xx.o(RESET) refers to stm32f7xx_it.o(i.DebugMon_Handler) for DebugMon_Handler
    startup_stm32f767xx.o(RESET) refers to stm32f7xx_it.o(i.PendSV_Handler) for PendSV_Handler
    startup_stm32f767xx.o(RESET) refers to stm32f7xx_it.o(i.SysTick_Handler) for SysTick_Handler
    startup_stm32f767xx.o(RESET) refers to usart.o(i.USART1_IRQHandler) for USART1_IRQHandler
    startup_stm32f767xx.o(RESET) refers to sai.o(i.DMA2_Stream3_IRQHandler) for DMA2_Stream3_IRQHandler
    startup_stm32f767xx.o(RESET) refers to sai.o(i.DMA2_Stream5_IRQHandler) for DMA2_Stream5_IRQHandler
    startup_stm32f767xx.o(.text) refers (Special) to heapauxi.o(.text) for __use_two_region_memory
    startup_stm32f767xx.o(.text) refers to system_stm32f7xx.o(i.SystemInit) for SystemInit
    startup_stm32f767xx.o(.text) refers to __main.o(!!!main) for __main
    startup_stm32f767xx.o(.text) refers to startup_stm32f767xx.o(HEAP) for Heap_Mem
    startup_stm32f767xx.o(.text) refers to startup_stm32f767xx.o(STACK) for Stack_Mem
    stm32f7xx_hal.o(i.HAL_DeInit) refers to stm32f7xx_hal.o(i.HAL_MspDeInit) for HAL_MspDeInit
    stm32f7xx_hal.o(i.HAL_Delay) refers to stm32f7xx_hal.o(i.HAL_GetTick) for HAL_GetTick
    stm32f7xx_hal.o(i.HAL_GetTick) refers to stm32f7xx_hal.o(.data) for .data
    stm32f7xx_hal.o(i.HAL_IncTick) refers to stm32f7xx_hal.o(.data) for .data
    stm32f7xx_hal.o(i.HAL_Init) refers to stm32f7xx_hal_cortex.o(i.HAL_NVIC_SetPriorityGrouping) for HAL_NVIC_SetPriorityGrouping
    stm32f7xx_hal.o(i.HAL_Init) refers to stm32f7xx_hal.o(i.HAL_InitTick) for HAL_InitTick
[...]
    i.my_mem_malloc                          0x0800b070   Section        0  malloc.o(i.my_mem_malloc)
    i.my_mem_perused                         0x0800b104   Section        0  malloc.o(i.my_mem_perused)
    i.mymalloc                               0x0800b148   Section        0  malloc.o(i.mymalloc)
    i.rec_data                               0x0800b16c   Section        0  recorder.o(i.rec_data)
    i.rec_sai_dma_rx_callback                0x0800b25c   Section        0  recorder.o(i.rec_sai_dma_rx_callback)
    i.rec_sai_fifo_write                     0x0800b2d0   Section        0  recorder.o(i.rec_sai_fifo_write)
    i.receive_mode                           0x0800b328   Section        0  recorder.o(i.receive_mode)
    i.send_data                              0x0800b3b8   Section        0  recorder.o(i.send_data)
    i.send_mode                              0x0800b428   Section        0  recorder.o(i.send_mode)
    i.uart_init                              0x0800b4b8   Section        0  usart.o(i.uart_init)
    i.wav_sai_dma_tx_callback                0x0800b4dc   Section        0  wavplay.o(i.wav_sai_dma_tx_callback)
    i.wm8978_config                          0x0800b500   Section        0  recorder.o(i.wm8978_config)
    x$fpl$fpinit                             0x0800b590   Section       10  fpinit.o(x$fpl$fpinit)
    $v0                                      0x0800b590   Number         0  fpinit.o(x$fpl$fpinit)
    .constdata                               0x0800b59a   Section       16  system_stm32f7xx.o(.constdata)
    .constdata                               0x0800b5aa   Section        8  system_stm32f7xx.o(.constdata)
    .constdata                               0x0800b5b2   Section        8  stm32f7xx_hal_dma.o(.constdata)
    flagBitshiftOffset                       0x0800b5b2   Data           8  stm32f7xx_hal_dma.o(.constdata)
    .constdata                               0x0800b5ba   Section    18240  lcd.o(.constdata)
    .constdata                               0x0800fcfa   Section      110  sai.o(.constdata)
    .constdata                               0x0800fd68   Section       10  24l01.o(.constdata)
    .constdata                               0x0800fd74   Section       36  malloc.o(.constdata)
    .constdata                               0x0800fd98   Section       40  _printf_hex_int.o(.constdata)
    uc_hextab                                0x0800fd98   Data          20  _printf_hex_int.o(.constdata)
    lc_hextab                                0x0800fdac   Data          20  _printf_hex_int.o(.constdata)
    .ARM.__AT_0x20000000                     0x20000000   Section    61440  malloc.o(.ARM.__AT_0x20000000)
    .ARM.__AT_0x2000F000                     0x2000f000   Section     3840  malloc.o(.ARM.__AT_0x2000F000)
    .data                                    0x20020000   Section        4  system_stm32f7xx.o(.data)
    .data                                    0x20020004   Section        4  stm32f7xx_hal.o(.data)
    .data                                    0x20020008   Section        4  delay.o(.data)
    fac_us                                   0x20020008   Data           4  delay.o(.data)
    .data                                    0x2002000c   Section        2  usart.o(.data)
    .data                                    0x20020010   Section        4  usart.o(.data)
    .data                                    0x20020014   Section        8  lcd.o(.data)
    .data                                    0x2002001c   Section        8  ltdc.o(.data)
    .data                                    0x20020024   Section        4  w25qxx.o(.data)
    .data                                    0x20020028   Section        1  key.o(.data)
    key_up                                   0x20020028   Data           1  key.o(.data)
    .data                                    0x2002002c   Section        8  sai.o(.data)
    .data                                    0x20020034   Section      116  wm8978.o(.data)
    WM8978_REGVAL_TBL                        0x20020034   Data         116  wm8978.o(.data)
    .data                                    0x200200a8   Section       36  malloc.o(.data)
    .data                                    0x200200cc   Section        2  wavplay.o(.data)
    .data                                    0x200200d0   Section       44  recorder.o(.data)
    t                                        0x200200d4   Data           4  recorder.o(.data)
    pos                                      0x200200d8   Data           4  recorder.o(.data)
    decode_pos                               0x200200dc   Data           4  recorder.o(.data)
    fifo_p                                   0x200200e0   Data           4  recorder.o(.data)
    temp_p                                   0x200200e4   Data           4  recorder.o(.data)
    .bss                                     0x200200fc   Section     4096  main.o(.bss)
    .bss                                     0x200210fc   Section      312  usart.o(.bss)
    .bss                                     0x20021234   Section       52  sdram.o(.bss)
    .bss                                     0x20021268   Section       90  lcd.o(.bss)
    .bss                                     0x200212c4   Section      200  ltdc.o(.bss)
    .bss                                     0x2002138c   Section       68  qspi.o(.bss)
    .bss                                     0x200213d0   Section      456  sai.o(.bss)
    .bss                                     0x20021598   Section      100  spi.o(.bss)
    .bss                                     0x20021600   Section    307200  malloc.o(.bss)
    .bss                                     0x2006c600   Section    19200  malloc.o(.bss)
    .bss                                     0x20071100   Section       76  recorder.o(.bss)
    .bss                                     0x2007114c   Section       96  libspace.o(.bss)
    HEAP                                     0x200711b0   Section      512  startup_stm32f767xx.o(HEAP)
    Heap_Mem                                 0x200711b0   Data         512  startup_stm32f767xx.o(HEAP)
    STACK                                    0x200713b0   Section     1024  startup_stm32f767xx.o(STACK)
    Stack_Mem                                0x200713b0   Data        1024  startup_stm32f767xx.o(STACK)
    __initial_sp                             0x200717b0   Data           0  startup_stm32f767xx.o(STACK)
    .ARM.__AT_0xC0000000                     0xc0000000   Section    2048000  ltdc.o(.ARM.__AT_0xC0000000)
    .ARM.__AT_0xC01F4000                     0xc01f4000   Section    29605888  malloc.o(.ARM.__AT_0xC01F4000)
    .ARM.__AT_0xC1E30000                     0xc1e30000   Section    1850368  malloc.o(.ARM.__AT_0xC1E30000)

    Global Symbols

    Symbol Name                              Value     Ov Type        Size  Object(Section)

    BuildAttributes$$THM_ISAv4$E$P$D$K$B$S$7EM$VFPv5_D16$PE$PLD8$A:L22UL41UL21$X:L11$S22US41US21$IEEE1$IW$USESV6$~STKCKD$USESV7$~SHL$OTIME$ROPI$EBA8$UX$STANDARDLIB$REQ8$PRES8$EABIv2 0x00000000   Number         0  anon$$obj.o ABSOLUTE
    __ARM_use_no_argv                        0x00000000   Number         0  main.o ABSOLUTE
    __ARM_exceptions_init                     - Undefined Weak Reference
    __alloca_initialize                       - Undefined Weak Reference
    __arm_preinit_                            - Undefined Weak Reference
    __cpp_initialize__aeabi_                  - Undefined Weak Reference
    __cxa_finalize                            - Undefined Weak Reference
    __rt_locale                               - Undefined Weak Reference
    __sigvec_lookup                           - Undefined Weak Reference
    _atexit_init                              - Undefined Weak Reference
    _call_atexit_fns                          - Undefined Weak Reference
    _clock_init                               - Undefined Weak Reference
    _fp_trap_init                             - Undefined Weak Reference
    _fp_trap_shutdown                         - Undefined Weak Reference
    _get_lc_collate                           - Undefined Weak Reference
    _get_lc_ctype                             - Undefined Weak Reference
    _get_lc_monetary                          - Undefined Weak Reference
    _get_lc_numeric                           - Undefined Weak Reference
    _get_lc_time                              - Undefined Weak Reference
    _getenv_init                              - Undefined Weak Reference
    _handle_redirection                       - Undefined Weak Reference
    _init_alloc                               - Undefined Weak Reference
    _init_user_alloc                          - Undefined Weak Reference
    _initio                                   - Undefined Weak Reference
    _mutex_acquire                            - Undefined Weak Reference
    _mutex_release                            - Undefined Weak Reference
    _printf_post_padding                      - Undefined Weak Reference
    _printf_pre_padding                       - Undefined Weak Reference
    _printf_truncate_unsigned                 - Undefined Weak Reference
    _rand_init                                - Undefined Weak Reference
    _signal_finish                            - Undefined Weak Reference
    _signal_init                              - Undefined Weak Reference
    _terminate_alloc                          - Undefined Weak Reference
    _terminate_user_alloc                     - Undefined Weak Reference
    _terminateio                              - Undefined Weak Reference
    __Vectors_Size                           0x000001f8   Number         0  startup_stm32f767xx.o ABSOLUTE
    __Vectors                                0x08000000   Data           4  startup_stm32f767xx.o(RESET)
    __Vectors_End                            0x080001f8   Data           0  startup_stm32f767xx.o(RESET)
    __main                                   0x080001f9   Thumb Code     8  __main.o(!!!main)
    __scatterload                            0x08000201   Thumb Code     0  __scatter.o(!!!scatter)
    __scatterload_rt2                        0x08000201   Thumb Code    44  __scatter.o(!!!scatter)
    __scatterload_rt2_thumb_only             0x08000201   Thumb Code     0  __scatter.o(!!!scatter)
    __scatterload_null                       0x0800020f   Thumb Code     0  __scatter.o(!!!scatter)
    __scatterload_copy                       0x08000235   Thumb Code    26  __scatter_copy.o(!!handler_copy)
    __scatterload_zeroinit                   0x08000251   Thumb Code    28  __scatter_zi.o(!!handler_zi)
    _printf_percent                          0x0800026d   Thumb Code     0  _printf_percent.o(.ARM.Collect$$_printf_percent$$00000000)
    _printf_x                                0x0800026d   Thumb Code     0  _printf_x.o(.ARM.Collect$$_printf_percent$$0000000C)
    _printf_percent_end                      0x08000273   Thumb Code     0  _printf_percent_end.o(.ARM.Collect$$_printf_percent$$00000017)
    __rt_lib_init                            0x08000277   Thumb Code     0  libinit.o(.ARM.Collect$$libinit$$00000000)
    __rt_lib_init_fp_1                       0x08000279   Thumb Code     0  libinit2.o(.ARM.Collect$$libinit$$00000001)
    __rt_lib_init_alloca_1                   0x0800027d   Thumb Code     0  libinit2.o(.ARM.Collect$$libinit$$0000002E)
    __rt_lib_init_argv_1                     0x0800027d   Thumb Code     0  libinit2.o(.ARM.Collect$$libinit$$0000002C)
    __rt_lib_init_atexit_1                   0x0800027d   Thumb Code     0  libinit2.o(.ARM.Collect$$libinit$$0000001B)
    __rt_lib_init_clock_1                    0x0800027d   Thumb Code     0  libinit2.o(.ARM.Collect$$libinit$$00000021)
    __rt_lib_init_cpp_1                      0x0800027d   Thumb Code     0  libinit2.o(.ARM.Collect$$libinit$$00000032)
    __rt_lib_init_exceptions_1               0x0800027d   Thumb Code     0  libinit2.o(.ARM.Collect$$libinit$$00000030)
    __rt_lib_init_fp_trap_1                  0x0800027d   Thumb Code     0  libinit2.o(.ARM.Collect$$libinit$$0000001F)
    __rt_lib_init_getenv_1                   0x0800027d   Thumb Code     0  libinit2.o(.ARM.Collect$$libinit$$00000023)
    __rt_lib_init_heap_1                     0x0800027d   Thumb Code     0  libinit2.o(.ARM.Collect$$libinit$$0000000A)
    __rt_lib_init_lc_collate_1               0x0800027d   Thumb Code     0  libinit2.o(.ARM.Collect$$libinit$$00000011)
    __rt_lib_init_lc_ctype_1                 0x0800027d   Thumb Code     0  libinit2.o(.ARM.Collect$$libinit$$00000013)
    __rt_lib_init_lc_monetary_1              0x0800027d   Thumb Code     0  libinit2.o(.ARM.Collect$$libinit$$00000015)
    __rt_lib_init_lc_numeric_1               0x0800027d   Thumb Code     0  libinit2.o(.ARM.Collect$$libinit$$00000017)
    __rt_lib_init_lc_time_1                  0x0800027d   Thumb Code     0  libinit2.o(.ARM.Collect$$libinit$$00000019)
    __rt_lib_init_preinit_1                  0x0800027d   Thumb Code     0  libinit2.o(.ARM.Collect$$libinit$$00000004)
    __rt_lib_init_rand_1                     0x0800027d   Thumb Code     0  libinit2.o(.ARM.Collect$$libinit$$0000000E)
    __rt_lib_init_return                     0x0800027d   Thumb Code     0  libinit2.o(.ARM.Collect$$libinit$$00000033)
    __rt_lib_init_signal_1                   0x0800027d   Thumb Code     0  libinit2.o(.ARM.Collect$$libinit$$0000001D)
    __rt_lib_init_stdio_1                    0x0800027d   Thumb Code     0  libinit2.o(.ARM.Collect$$libinit$$00000025)
    __rt_lib_init_user_alloc_1               0x0800027d   Thumb Code     0  libinit2.o(.ARM.Collect$$libinit$$0000000C)
    __rt_lib_shutdown                        0x0800027f   Thumb Code     0  libshutdown.o(.ARM.Collect$$libshutdown$$00000000)
    __rt_lib_shutdown_cpp_1                  0x08000281   Thumb Code     0  libshutdown2.o(.ARM.Collect$$libshutdown$$00000002)
    __rt_lib_shutdown_fp_trap_1              0x08000281   Thumb Code     0  libshutdown2.o(.ARM.Collect$$libshutdown$$00000007)
    __rt_lib_shutdown_heap_1                 0x08000281   Thumb Code     0  libshutdown2.o(.ARM.Collect$$libshutdown$$0000000F)
    __rt_lib_shutdown_return                 0x08000281   Thumb Code     0  libshutdown2.o(.ARM.Collect$$libshutdown$$00000010)
    __rt_lib_shutdown_signal_1               0x08000281   Thumb Code     0  libshutdown2.o(.ARM.Collect$$libshutdown$$0000000A)
    __rt_lib_shutdown_stdio_1                0x08000281   Thumb Code     0  libshutdown2.o(.ARM.Collect$$libshutdown$$00000004)
    __rt_lib_shutdown_user_alloc_1           0x08000281   Thumb Code     0  libshutdown2.o(.ARM.Collect$$libshutdown$$0000000C)
    __rt_entry                               0x08000283   Thumb Code     0  __rtentry.o(.ARM.Collect$$rtentry$$00000000)
    __rt_entry_presh_1                       0x08000283   Thumb Code     0  __rtentry2.o(.ARM.Collect$$rtentry$$00000002)
    __rt_entry_sh                            0x08000283   Thumb Code     0  __rtentry4.o(.ARM.Collect$$rtentry$$00000004)
    __rt_entry_li                            0x08000289   Thumb Code     0  __rtentry2.o(.ARM.Collect$$rtentry$$0000000A)
    __rt_entry_postsh_1                      0x08000289   Thumb Code     0  __rtentry2.o(.ARM.Collect$$rtentry$$00000009)
    __rt_entry_main                          0x0800028d   Thumb Code     0  __rtentry2.o(.ARM.Collect$$rtentry$$0000000D)
    __rt_entry_postli_1                      0x0800028d   Thumb Code     0  __rtentry2.o(.ARM.Collect$$rtentry$$0000000C)
    __rt_exit                                0x08000295   Thumb Code     0  rtexit.o(.ARM.Collect$$rtexit$$00000000)
    __rt_exit_ls                             0x08000297   Thumb Code     0  rtexit2.o(.ARM.Collect$$rtexit$$00000003)
    __rt_exit_prels_1                        0x08000297   Thumb Code     0  rtexit2.o(.ARM.Collect$$rtexit$$00000002)
    __rt_exit_exit                           0x0800029b   Thumb Code     0  rtexit2.o(.ARM.Collect$$rtexit$$00000004)
    Reset_Handler                            0x080002a1   Thumb Code     8  startup_stm32f767xx.o(.text)
    MemManage_Handler                        0x080002ad   Thumb Code     2  startup_stm32f767xx.o(.text)
    ADC_IRQHandler                           0x080002bb   Thumb Code     0  startup_stm32f767xx.o(.text)
    CAN1_RX0_IRQHandler                      0x080002bb   Thumb Code     0  startup_stm32f767xx.o(.text)
    CAN1_RX1_IRQHandler                      0x080002bb   Thumb Code     0  startup_stm32f767xx.o(.text)
    CAN1_SCE_IRQHandler                      0x080002bb   Thumb Code     0  startup_stm32f767xx.o(.text)
    CAN1_TX_IRQHandler                       0x080002bb   Thumb Code     0  startup_stm32f767xx.o(.text)
    CAN2_RX0_IRQHandler                      0x080002bb   Thumb Code     0  startup_stm32f767xx.o(.text)
    CAN2_RX1_IRQHandler                      0x080002bb   Thumb Code     0  startup_stm32f767xx.o(.text)
    CAN2_SCE_IRQHandler                      0x080002bb   Thumb Code     0  startup_stm32f767xx.o(.text)
    CAN2_TX_IRQHandler                       0x080002bb   Thumb Code     0  startup_stm32f767xx.o(.text)
    CAN3_RX0_IRQHandler                      0x080002bb   Thumb Code     0  startup_stm32f767xx.o(.text)
    CAN3_RX1_IRQHandler                      0x080002bb   Thumb Code     0  startup_stm32f767xx.o(.text)
    CAN3_SCE_IRQHandler                      0x080002bb   Thumb Code     0  startup_stm32f767xx.o(.text)
    CAN3_TX_IRQHandler                       0x080002bb   Thumb Code     0  startup_stm32f767xx.o(.text)
    CEC_IRQHandler                           0x080002bb   Thumb Code     0  startup_stm32f767xx.o(.text)
    DCMI_IRQHandler                          0x080002bb   Thumb Code     0  startup_stm32f767xx.o(.text)
    DFSDM1_FLT0_IRQHandler                   0x080002bb   Thumb Code     0  startup_stm32f767xx.o(.text)
    DFSDM1_FLT1_IRQHandler                   0x080002bb   Thumb Code     0  startup_stm32f767xx.o(.text)
    DFSDM1_FLT2_IRQHandler                   0x080002bb   Thumb Code     0  startup_stm32f767xx.o(.text)
    DFSDM1_FLT3_IRQHandler                   0x080002bb   Thumb Code     0  startup_stm32f767xx.o(.text)
    DMA1_Stream0_IRQHandler                  0x080002bb   Thumb Code     0  startup_stm32f767xx.o(.text)
    DMA1_Stream1_IRQHandler                  0x080002bb   Thumb Code     0  startup_stm32f767xx.o(.text)
    DMA1_Stream2_IRQHandler                  0x080002bb   Thumb Code     0  startup_stm32f767xx.o(.text)
    DMA1_Stream3_IRQHandler                  0x080002bb   Thumb Code     0  startup_stm32f767xx.o(.text)
    DMA1_Stream4_IRQHandler                  0x080002bb   Thumb Code     0  startup_stm32f767xx.o(.text)
    DMA1_Stream5_IRQHandler                  0x080002bb   Thumb Code     0  startup_stm32f767xx.o(.text)
    DMA1_Stream6_IRQHandler                  0x080002bb   Thumb Code     0  startup_stm32f767xx.o(.text)
    DMA1_Stream7_IRQHandler                  0x080002bb   Thumb Code     0  startup_stm32f767xx.o(.text)
    DMA2D_IRQHandler                         0x080002bb   Thumb Code     0  startup_stm32f767xx.o(.text)
    DMA2_Stream0_IRQHandler                  0x080002bb   Thumb Code     0  startup_stm32f767xx.o(.text)
    DMA2_Stream1_IRQHandler                  0x080002bb   Thumb Code     0  startup_stm32f767xx.o(.text)
    DMA2_Stream2_IRQHandler                  0x080002bb   Thumb Code     0  startup_stm32f767xx.o(.text)
    DMA2_Stream4_IRQHandler                  0x080002bb   Thumb Code     0  startup_stm32f767xx.o(.text)
    DMA2_Stream6_IRQHandler                  0x080002bb   Thumb Code     0  startup_stm32f767xx.o(.text)
    DMA2_Stream7_IRQHandler                  0x080002bb   Thumb Code     0  startup_stm32f767xx.o(.text)
    ETH_IRQHandler                           0x080002bb   Thumb Code     0  startup_stm32f767xx.o(.text)
    ETH_WKUP_IRQHandler                      0x080002bb   Thumb Code     0  startup_stm32f767xx.o(.text)
    EXTI0_IRQHandler                         0x080002bb   Thumb Code     0  startup_stm32f767xx.o(.text)
    EXTI15_10_IRQHandler                     0x080002bb   Thumb Code     0  startup_stm32f767xx.o(.text)
    EXTI1_IRQHandler                         0x080002bb   Thumb Code     0  startup_stm32f767xx.o(.text)
    EXTI2_IRQHandler                         0x080002bb   Thumb Code     0  startup_stm32f767xx.o(.text)
    EXTI3_IRQHandler                         0x080002bb   Thumb Code     0  startup_stm32f767xx.o(.text)
    EXTI4_IRQHandler                         0x080002bb   Thumb Code     0  startup_stm32f767xx.o(.text)
    EXTI9_5_IRQHandler                       0x080002bb   Thumb Code     0  startup_stm32f767xx.o(.text)
    FLASH_IRQHandler                         0x080002bb   Thumb Code     0  startup_stm32f767xx.o(.text)
    FMC_IRQHandler                           0x080002bb   Thumb Code     0  startup_stm32f767xx.o(.text)
    FPU_IRQHandler                           0x080002bb   Thumb Code     0  startup_stm32f767xx.o(.text)
    I2C1_ER_IRQHandler                       0x080002bb   Thumb Code     0  startup_stm32f767xx.o(.text)
    I2C1_EV_IRQHandler                       0x080002bb   Thumb Code     0  startup_stm32f767xx.o(.text)
    I2C2_ER_IRQHandler                       0x080002bb   Thumb Code     0  startup_stm32f767xx.o(.text)
    I2C2_EV_IRQHandler                       0x080002bb   Thumb Code     0  startup_stm32f767xx.o(.text)
    I2C3_ER_IRQHandler                       0x080002bb   Thumb Code     0  startup_stm32f767xx.o(.text)
    I2C3_EV_IRQHandler                       0x080002bb   Thumb Code     0  startup_stm32f767xx.o(.text)
    I2C4_ER_IRQHandler                       0x080002bb   Thumb Code     0  startup_stm32f767xx.o(.text)
    I2C4_EV_IRQHandler                       0x080002bb   Thumb Code     0  startup_stm32f767xx.o(.text)
    JPEG_IRQHandler                          0x080002bb   Thumb Code     0  startup_stm32f767xx.o(.text)
    LPTIM1_IRQHandler                        0x080002bb   Thumb Code     0  startup_stm32f767xx.o(.text)
    LTDC_ER_IRQHandler                       0x080002bb   Thumb Code     0  startup_stm32f767xx.o(.text)
    LTDC_IRQHandler                          0x080002bb   Thumb Code     0  startup_stm32f767xx.o(.text)
    MDIOS_IRQHandler                         0x080002bb   Thumb Code     0  startup_stm32f767xx.o(.text)
    OTG_FS_IRQHandler                        0x080002bb   Thumb Code     0  startup_stm32f767xx.o(.text)
    OTG_FS_WKUP_IRQHandler                   0x080002bb   Thumb Code     0  startup_stm32f767xx.o(.text)
    OTG_HS_EP1_IN_IRQHandler                 0x080002bb   Thumb Code     0  startup_stm32f767xx.o(.text)
    OTG_HS_EP1_OUT_IRQHandler                0x080002bb   Thumb Code     0  startup_stm32f767xx.o(.text)
    OTG_HS_IRQHandler                        0x080002bb   Thumb Code     0  startup_stm32f767xx.o(.text)
    OTG_HS_WKUP_IRQHandler                   0x080002bb   Thumb Code     0  startup_stm32f767xx.o(.text)
    PVD_IRQHandler                           0x080002bb   Thumb Code     0  startup_stm32f767xx.o(.text)
    QUADSPI_IRQHandler                       0x080002bb   Thumb Code     0  startup_stm32f767xx.o(.text)
    RCC_IRQHandler                           0x080002bb   Thumb Code     0  startup_stm32f767xx.o(.text)
    RNG_IRQHandler                           0x080002bb   Thumb Code     0  startup_stm32f767xx.o(.text)
    RTC_Alarm_IRQHandler                     0x080002bb   Thumb Code     0  startup_stm32f767xx.o(.text)
    RTC_WKUP_IRQHandler                      0x080002bb   Thumb Code     0  startup_stm32f767xx.o(.text)
    SAI1_IRQHandler                          0x080002bb   Thumb Code     0  startup_stm32f767xx.o(.text)
    SAI2_IRQHandler                          0x080002bb   Thumb Code     0  startup_stm32f767xx.o(.text)
    SDMMC1_IRQHandler                        0x080002bb   Thumb Code     0  startup_stm32f767xx.o(.text)
    SDMMC2_IRQHandler                        0x080002bb   Thumb Code     0  startup_stm32f767xx.o(.text)
    SPDIF_RX_IRQHandler                      0x080002bb   Thumb Code     0  startup_stm32f767xx.o(.text)
    SPI1_IRQHandler                          0x080002bb   Thumb Code     0  startup_stm32f767xx.o(.text)
    SPI2_IRQHandler                          0x080002bb   Thumb Code     0  startup_stm32f767xx.o(.text)
    SPI3_IRQHandler                          0x080002bb   Thumb Code     0  startup_stm32f767xx.o(.text)
    SPI4_IRQHandler                          0x080002bb   Thumb Code     0  startup_stm32f767xx.o(.text)
    SPI5_IRQHandler                          0x080002bb   Thumb Code     0  startup_stm32f767xx.o(.text)
    SPI6_IRQHandler                          0x080002bb   Thumb Code     0  startup_stm32f767xx.o(.text)
    TAMP_STAMP_IRQHandler                    0x080002bb   Thumb Code     0  startup_stm32f767xx.o(.text)
    TIM1_BRK_TIM9_IRQHandler                 0x080002bb   Thumb Code     0  startup_stm32f767xx.o(.text)
    TIM1_CC_IRQHandler                       0x080002bb   Thumb Code     0  startup_stm32f767xx.o(.text)
    TIM1_TRG_COM_TIM11_IRQHandler            0x080002bb   Thumb Code     0  startup_stm32f767xx.o(.text)
    TIM1_UP_TIM10_IRQHandler                 0x080002bb   Thumb Code     0  startup_stm32f767xx.o(.text)
    TIM2_IRQHandler                          0x080002bb   Thumb Code     0  startup_stm32f767xx.o(.text)
    TIM3_IRQHandler                          0x080002bb   Thumb Code     0  startup_stm32f767xx.o(.text)
    TIM4_IRQHandler                          0x080002bb   Thumb Code     0  startup_stm32f767xx.o(.text)
    TIM5_IRQHandler                          0x080002bb   Thumb Code     0  startup_stm32f767xx.o(.text)
    TIM6_DAC_IRQHandler                      0x080002bb   Thumb Code     0  startup_stm32f767xx.o(.text)
    TIM7_IRQHandler                          0x080002bb   Thumb Code     0  startup_stm32f767xx.o(.text)
    TIM8_BRK_TIM12_IRQHandler                0x080002bb   Thumb Code     0  startup_stm32f767xx.o(.text)
    TIM8_CC_IRQHandler                       0x080002bb   Thumb Code     0  startup_stm32f767xx.o(.text)
    TIM8_TRG_COM_TIM14_IRQHandler            0x080002bb   Thumb Code     0  startup_stm32f767xx.o(.text)
    TIM8_UP_TIM13_IRQHandler                 0x080002bb   Thumb Code     0  startup_stm32f767xx.o(.text)
    UART4_IRQHandler                         0x080002bb   Thumb Code     0  startup_stm32f767xx.o(.text)
    UART5_IRQHandler                         0x080002bb   Thumb Code     0  startup_stm32f767xx.o(.text)
    UART7_IRQHandler                         0x080002bb   Thumb Code     0  startup_stm32f767xx.o(.text)
    UART8_IRQHandler                         0x080002bb   Thumb Code     0  startup_stm32f767xx.o(.text)
    USART2_IRQHandler                        0x080002bb   Thumb Code     0  startup_stm32f767xx.o(.text)
    USART3_IRQHandler                        0x080002bb   Thumb Code     0  startup_stm32f767xx.o(.text)
    USART6_IRQHandler                        0x080002bb   Thumb Code     0  startup_stm32f767xx.o(.text)
    WWDG_IRQHandler                          0x080002bb   Thumb Code     0  startup_stm32f767xx.o(.text)
    __user_initial_stackheap                 0x080002bd   Thumb Code     0  startup_stm32f767xx.o(.text)
    __use_no_semihosting                     0x080002e1   Thumb Code     2  use_no_semi_2.o(.text)
    __2printf                                0x080002e5   Thumb Code    20  noretval__2printf.o(.text)
    __printf                                 0x080002fd   Thumb Code   104  __printf.o(.text)
    _printf_int_hex                          0x08000365   Thumb Code    84  _printf_hex_int.o(.text)
    _printf_longlong_hex                     0x08000365   Thumb Code     0  _printf_hex_int.o(.text)
    __use_two_region_memory                  0x080003bd   Thumb Code     2  heapauxi.o(.text)
    __rt_heap_escrow$2region                 0x080003bf   Thumb Code     2  heapauxi.o(.text)
    __rt_heap_expand$2region                 0x080003c1   Thumb Code     2  heapauxi.o(.text)
    __I$use$semihosting                      0x080003c3   Thumb Code     0  use_no_semi.o(.text)
    __use_no_semihosting_swi                 0x080003c3   Thumb Code     2  use_no_semi.o(.text)
    _printf_int_common                       0x080003c5   Thumb Code   178  _printf_intcommon.o(.text)
    _printf_char_file                        0x08000479   Thumb Code    32  _printf_char_file.o(.text)
    _printf_char_common                      0x080004a7   Thumb Code    32  _printf_char_common.o(.text)
    ferror                                   0x080004cd   Thumb Code     8  ferror.o(.text)
    __user_setup_stackheap                   0x080004d5   Thumb Code    74  sys_stackheap_outer.o(.text)
    exit                                     0x0800051f   Thumb Code    18  exit.o(.text)
    __user_libspace                          0x08000531   Thumb Code     8  libspace.o(.text)
    __user_perproc_libspace                  0x08000531   Thumb Code     0  libspace.o(.text)
    __user_perthread_libspace                0x08000531   Thumb Code     0  libspace.o(.text)
    BusFault_Handler                         0x08000539   Thumb Code     2  stm32f7xx_it.o(i.BusFault_Handler)
    Cache_Enable                             0x0800053d   Thumb Code   116  sys.o(i.Cache_Enable)
    DMA2_Stream3_IRQHandler                  0x080005c5   Thumb Code   112  sai.o(i.DMA2_Stream3_IRQHandler)
    DMA2_Stream5_IRQHandler                  0x0800065d   Thumb Code   112  sai.o(i.DMA2_Stream5_IRQHandler)
    DebugMon_Handler                         0x080006f5   Thumb Code     2  stm32f7xx_it.o(i.DebugMon_Handler)
    FMC_NORSRAM_Extended_Timing_Init         0x080006f9   Thumb Code    68  stm32f7xx_ll_fmc.o(i.FMC_NORSRAM_Extended_Timing_Init)
    FMC_NORSRAM_Init                         0x08000741   Thumb Code   120  stm32f7xx_ll_fmc.o(i.FMC_NORSRAM_Init)
    FMC_NORSRAM_Timing_Init                  0x080007bd   Thumb Code    96  stm32f7xx_ll_fmc.o(i.FMC_NORSRAM_Timing_Init)
    FMC_SDRAM_Init                           0x08000821   Thumb Code    94  stm32f7xx_ll_fmc.o(i.FMC_SDRAM_Init)
    FMC_SDRAM_ProgramRefreshRate             0x0800087f   Thumb Code    12  stm32f7xx_ll_fmc.o(i.FMC_SDRAM_ProgramRefreshRate)
    FMC_SDRAM_SendCommand                    0x0800088b   Thumb Code    82  stm32f7xx_ll_fmc.o(i.FMC_SDRAM_SendCommand)
    FMC_SDRAM_Timing_Init                    0x080008dd   Thumb Code   146  stm32f7xx_ll_fmc.o(i.FMC_SDRAM_Timing_Init)
    Get_DCahceSta                            0x08000971   Thumb Code    10  sys.o(i.Get_DCahceSta)
    HAL_DMAEx_MultiBufferStart               0x08000981   Thumb Code   124  stm32f7xx_hal_dma_ex.o(i.HAL_DMAEx_MultiBufferStart)
    HAL_DMA_Abort_IT                         0x080009fd   Thumb Code    36  stm32f7xx_hal_dma.o(i.HAL_DMA_Abort_IT)
    HAL_DMA_DeInit                           0x08000a21   Thumb Code   124  stm32f7xx_hal_dma.o(i.HAL_DMA_DeInit)
    HAL_DMA_Init                             0x08000aa5   Thumb Code   344  stm32f7xx_hal_dma.o(i.HAL_DMA_Init)
    HAL_GPIO_Init                            0x08000c09   Thumb Code   564  stm32f7xx_hal_gpio.o(i.HAL_GPIO_Init)
    HAL_GPIO_ReadPin                         0x08000e4d   Thumb Code    10  stm32f7xx_hal_gpio.o(i.HAL_GPIO_ReadPin)
    HAL_GPIO_WritePin                        0x08000e57   Thumb Code    10  stm32f7xx_hal_gpio.o(i.HAL_GPIO_WritePin)
    HAL_GetTick                              0x08000e61   Thumb Code     6  stm32f7xx_hal.o(i.HAL_GetTick)
    HAL_IncTick                              0x08000e6d   Thumb Code    10  stm32f7xx_hal.o(i.HAL_IncTick)
    HAL_Init                                 0x08000e7d   Thumb Code    32  stm32f7xx_hal.o(i.HAL_Init)
    HAL_InitTick                             0x08000ea1   Thumb Code    34  stm32f7xx_hal.o(i.HAL_InitTick)
    HAL_LTDC_ConfigLayer                     0x08000ec9   Thumb Code    88  stm32f7xx_hal_ltdc.o(i.HAL_LTDC_ConfigLayer)
    HAL_LTDC_Init                            0x08000f21   Thumb Code   262  stm32f7xx_hal_ltdc.o(i.HAL_LTDC_Init)
    HAL_LTDC_MspInit                         0x0800102d   Thumb Code   216  ltdc.o(i.HAL_LTDC_MspInit)
    HAL_LTDC_SetWindowPosition               0x08001121   Thumb Code    88  stm32f7xx_hal_ltdc.o(i.HAL_LTDC_SetWindowPosition)
    HAL_LTDC_SetWindowSize                   0x08001179   Thumb Code    84  stm32f7xx_hal_ltdc.o(i.HAL_LTDC_SetWindowSize)
    HAL_MPU_ConfigRegion                     0x080011cd   Thumb Code    80  stm32f7xx_hal_cortex.o(i.HAL_MPU_ConfigRegion)
    HAL_MspInit                              0x08001221   Thumb Code     2  stm32f7xx_hal.o(i.HAL_MspInit)
    HAL_NVIC_EnableIRQ                       0x08001223   Thumb Code    24  stm32f7xx_hal_cortex.o(i.HAL_NVIC_EnableIRQ)
    HAL_NVIC_SetPriority                     0x0800123d   Thumb Code    94  stm32f7xx_hal_cortex.o(i.HAL_NVIC_SetPriority)
    HAL_NVIC_SetPriorityGrouping             0x080012a1   Thumb Code    30  stm32f7xx_hal_cortex.o(i.HAL_NVIC_SetPriorityGrouping)
    HAL_PWREx_EnableOverDrive                0x080012c5   Thumb Code   114  stm32f7xx_hal_pwr_ex.o(i.HAL_PWREx_EnableOverDrive)
    HAL_QSPI_Command                         0x08001341   Thumb Code   146  stm32f7xx_hal_qspi.o(i.HAL_QSPI_Command)
    HAL_QSPI_Init                            0x080013d5   Thumb Code   188  stm32f7xx_hal_qspi.o(i.HAL_QSPI_Init)
    HAL_QSPI_MspInit                         0x08001495   Thumb Code   138  qspi.o(i.HAL_QSPI_MspInit)
    HAL_QSPI_Receive                         0x08001531   Thumb Code   198  stm32f7xx_hal_qspi.o(i.HAL_QSPI_Receive)
    HAL_QSPI_Transmit                        0x080015f7   Thumb Code   188  stm32f7xx_hal_qspi.o(i.HAL_QSPI_Transmit)
    HAL_RCCEx_GetPeriphCLKFreq               0x080016b5   Thumb Code   286  stm32f7xx_hal_rcc_ex.o(i.HAL_RCCEx_GetPeriphCLKFreq)
    HAL_RCCEx_PeriphCLKConfig                0x080017e9   Thumb Code  1872  stm32f7xx_hal_rcc_ex.o(i.HAL_RCCEx_PeriphCLKConfig)
    HAL_RCC_ClockConfig                      0x08001f41   Thumb Code   368  stm32f7xx_hal_rcc.o(i.HAL_RCC_ClockConfig)
    HAL_RCC_GetPCLK1Freq                     0x080020c5   Thumb Code    34  stm32f7xx_hal_rcc.o(i.HAL_RCC_GetPCLK1Freq)
    HAL_RCC_GetPCLK2Freq                     0x080020f5   Thumb Code    34  stm32f7xx_hal_rcc.o(i.HAL_RCC_GetPCLK2Freq)
    HAL_RCC_GetSysClockFreq                  0x08002125   Thumb Code   136  stm32f7xx_hal_rcc.o(i.HAL_RCC_GetSysClockFreq)
    HAL_RCC_OscConfig                        0x080021bd   Thumb Code   942  stm32f7xx_hal_rcc_ex.o(i.HAL_RCC_OscConfig)
    HAL_SAI_DeInit                           0x08002581   Thumb Code    68  stm32f7xx_hal_sai.o(i.HAL_SAI_DeInit)
    HAL_SAI_Init                             0x080025c5   Thumb Code   432  stm32f7xx_hal_sai.o(i.HAL_SAI_Init)
    HAL_SAI_MspDeInit                        0x08002799   Thumb Code     2  stm32f7xx_hal_sai.o(i.HAL_SAI_MspDeInit)
    HAL_SAI_MspInit                          0x0800279d   Thumb Code    76  sai.o(i.HAL_SAI_MspInit)
    HAL_SDRAM_Init                           0x080027f5   Thumb Code    66  stm32f7xx_hal_sdram.o(i.HAL_SDRAM_Init)
    HAL_SDRAM_MspInit                        0x08002839   Thumb Code   196  sdram.o(i.HAL_SDRAM_MspInit)
    HAL_SDRAM_ProgramRefreshRate             0x08002919   Thumb Code    36  stm32f7xx_hal_sdram.o(i.HAL_SDRAM_ProgramRefreshRate)
    HAL_SDRAM_SendCommand                    0x0800293d   Thumb Code    46  stm32f7xx_hal_sdram.o(i.HAL_SDRAM_SendCommand)
    HAL_SPI_Init                             0x0800296b   Thumb Code   210  stm32f7xx_hal_spi.o(i.HAL_SPI_Init)
    HAL_SPI_MspInit                          0x08002a3d   Thumb Code    76  spi.o(i.HAL_SPI_MspInit)
    HAL_SPI_TransmitReceive                  0x08002a95   Thumb Code   776  stm32f7xx_hal_spi.o(i.HAL_SPI_TransmitReceive)
    HAL_SRAM_Init                            0x08002d9d   Thumb Code    86  stm32f7xx_hal_sram.o(i.HAL_SRAM_Init)
    HAL_SRAM_MspInit                         0x08002df5   Thumb Code   108  lcd.o(i.HAL_SRAM_MspInit)
    HAL_SYSTICK_CLKSourceConfig              0x08002e71   Thumb Code    22  stm32f7xx_hal_cortex.o(i.HAL_SYSTICK_CLKSourceConfig)
    HAL_SYSTICK_Config                       0x08002e89   Thumb Code    38  stm32f7xx_hal_cortex.o(i.HAL_SYSTICK_Config)
    HAL_UART_ErrorCallback                   0x08002eb5   Thumb Code     2  stm32f7xx_hal_uart.o(i.HAL_UART_ErrorCallback)
    HAL_UART_IRQHandler                      0x08002eb9   Thumb Code   454  stm32f7xx_hal_uart.o(i.HAL_UART_IRQHandler)
    HAL_UART_Init                            0x08003085   Thumb Code   110  stm32f7xx_hal_uart.o(i.HAL_UART_Init)
    HAL_UART_MspInit                         0x080030f5   Thumb Code   130  usart.o(i.HAL_UART_MspInit)
    HAL_UART_Receive                         0x08003185   Thumb Code   246  stm32f7xx_hal_uart.o(i.HAL_UART_Receive)
    HAL_UART_RxCpltCallback                  0x0800327b   Thumb Code     2  stm32f7xx_hal_uart.o(i.HAL_UART_RxCpltCallback)
    HAL_UART_TxCpltCallback                  0x0800327d   Thumb Code     2  stm32f7xx_hal_uart.o(i.HAL_UART_TxCpltCallback)
    HardFault_Handler                        0x0800327f   Thumb Code     2  stm32f7xx_it.o(i.HardFault_Handler)
    IIC_Init                                 0x08003281   Thumb Code    70  myiic.o(i.IIC_Init)
    IIC_Send_Byte                            0x080032d1   Thumb Code   114  myiic.o(i.IIC_Send_Byte)
    IIC_Start                                0x08003349   Thumb Code    76  myiic.o(i.IIC_Start)
    IIC_Stop                                 0x08003399   Thumb Code    76  myiic.o(i.IIC_Stop)
    IIC_Wait_Ack                             0x080033e9   Thumb Code   168  myiic.o(i.IIC_Wait_Ack)
    KEY_Init                                 0x08003495   Thumb Code   112  key.o(i.KEY_Init)
    KEY_Scan                                 0x08003515   Thumb Code   216  key.o(i.KEY_Scan)
    LCD_Display_Dir                          0x080035fd   Thumb Code   252  lcd.o(i.LCD_Display_Dir)
    LCD_Fast_DrawPoint                       0x08003701   Thumb Code   594  lcd.o(i.LCD_Fast_DrawPoint)
    LCD_Fill                                 0x08003961   Thumb Code   108  lcd.o(i.LCD_Fill)
    LCD_Init                                 0x080039d9   Thumb Code 18906  lcd.o(i.LCD_Init)
    LCD_MPU_Config                           0x080083c5   Thumb Code   100  lcd.o(i.LCD_MPU_Config)
    LCD_SSD_BackLightSet                     0x08008431   Thumb Code   170  lcd.o(i.LCD_SSD_BackLightSet)
    LCD_Scan_Dir                             0x080084f1   Thumb Code   786  lcd.o(i.LCD_Scan_Dir)
    LCD_SetCursor                            0x0800880d   Thumb Code   692  lcd.o(i.LCD_SetCursor)
    LCD_ShowChar                             0x08008ac9   Thumb Code   272  lcd.o(i.LCD_ShowChar)
    LCD_ShowString                           0x08008be5   Thumb Code    98  lcd.o(i.LCD_ShowString)
    LED_Init                                 0x08008c49   Thumb Code    68  led.o(i.LED_Init)
    LTDC_Clear                               0x08008c95   Thumb Code    28  ltdc.o(i.LTDC_Clear)
    LTDC_Display_Dir                         0x08008cb5   Thumb Code    34  ltdc.o(i.LTDC_Display_Dir)
    LTDC_Draw_Point                          0x08008cdd   Thumb Code    58  ltdc.o(i.LTDC_Draw_Point)
    LTDC_Fill                                0x08008d21   Thumb Code   166  ltdc.o(i.LTDC_Fill)
    LTDC_Init                                0x08008dd9   Thumb Code   560  ltdc.o(i.LTDC_Init)
    LTDC_Layer_Parameter_Config              0x08009025   Thumb Code    86  ltdc.o(i.LTDC_Layer_Parameter_Config)
    LTDC_PanelID_Read                        0x08009085   Thumb Code   182  ltdc.o(i.LTDC_PanelID_Read)
    NMI_Handler                              0x08009317   Thumb Code     2  stm32f7xx_it.o(i.NMI_Handler)
    NRF24L01_Check                           0x08009319   Thumb Code   112  24l01.o(i.NRF24L01_Check)
    NRF24L01_Init                            0x08009395   Thumb Code   140  24l01.o(i.NRF24L01_Init)
    NRF24L01_RX_Mode                         0x08009431   Thumb Code    88  24l01.o(i.NRF24L01_RX_Mode)
    NRF24L01_RxPacket                        0x08009491   Thumb Code   134  24l01.o(i.NRF24L01_RxPacket)
    NRF24L01_TX_Mode                         0x0800951d   Thumb Code    98  24l01.o(i.NRF24L01_TX_Mode)
    NRF24L01_TxPacket                        0x0800958d   Thumb Code   136  24l01.o(i.NRF24L01_TxPacket)
    NRF24L01_Write_Buf                       0x0800961d   Thumb Code    70  24l01.o(i.NRF24L01_Write_Buf)
    NRF24L01_Write_Reg                       0x08009669   Thumb Code    48  24l01.o(i.NRF24L01_Write_Reg)
    PendSV_Handler                           0x0800969d   Thumb Code     2  stm32f7xx_it.o(i.PendSV_Handler)
    QSPI_Init                                0x080098e5   Thumb Code    60  qspi.o(i.QSPI_Init)
    QSPI_Receive                             0x08009929   Thumb Code    30  qspi.o(i.QSPI_Receive)
    QSPI_Send_CMD                            0x0800994d   Thumb Code    54  qspi.o(i.QSPI_Send_CMD)
    QSPI_Transmit                            0x08009989   Thumb Code    30  qspi.o(i.QSPI_Transmit)
    SAIA_Init                                0x08009a09   Thumb Code   100  sai.o(i.SAIA_Init)
    SAIA_RX_DMA_Init                         0x08009a75   Thumb Code   228  sai.o(i.SAIA_RX_DMA_Init)
    SAIA_SampleRate_Set                      0x08009b81   Thumb Code   130  sai.o(i.SAIA_SampleRate_Set)
    SAIA_TX_DMA_Init                         0x08009c15   Thumb Code   224  sai.o(i.SAIA_TX_DMA_Init)
    SAIB_Init                                0x08009d19   Thumb Code   108  sai.o(i.SAIB_Init)
    SAI_Play_Start                           0x08009dd1   Thumb Code    14  sai.o(i.SAI_Play_Start)
    SAI_Play_Stop                            0x08009de5   Thumb Code    14  sai.o(i.SAI_Play_Stop)
    SAI_Rec_Start                            0x08009df9   Thumb Code    14  sai.o(i.SAI_Rec_Start)
    SAI_Rec_Stop                             0x08009e0d   Thumb Code    14  sai.o(i.SAI_Rec_Stop)
    SDRAM_Init                               0x08009e21   Thumb Code   152  sdram.o(i.SDRAM_Init)
    SDRAM_Send_Cmd                           0x08009ec1   Thumb Code    60  sdram.o(i.SDRAM_Send_Cmd)
    SPI2_Init                                0x08009f01   Thumb Code    96  spi.o(i.SPI2_Init)
    SPI2_ReadWriteByte                       0x08009f69   Thumb Code    32  spi.o(i.SPI2_ReadWriteByte)
    SPI2_SetSpeed                            0x08009f8d   Thumb Code    46  spi.o(i.SPI2_SetSpeed)
    SVC_Handler                              0x0800a14b   Thumb Code     2  stm32f7xx_it.o(i.SVC_Handler)
    Stm32_Clock_Init                         0x0800a14d   Thumb Code   152  sys.o(i.Stm32_Clock_Init)
    SysTick_Handler                          0x0800a1ed   Thumb Code     4  stm32f7xx_it.o(i.SysTick_Handler)
    SystemInit                               0x0800a1f1   Thumb Code    64  system_stm32f7xx.o(i.SystemInit)
    UART_AdvFeatureConfig                    0x0800a249   Thumb Code   218  stm32f7xx_hal_uart.o(i.UART_AdvFeatureConfig)
    UART_CheckIdleState                      0x0800a323   Thumb Code    96  stm32f7xx_hal_uart.o(i.UART_CheckIdleState)
    UART_SetConfig                           0x0800a419   Thumb Code   664  stm32f7xx_hal_uart.o(i.UART_SetConfig)
    UART_WaitOnFlagUntilTimeout              0x0800a6c1   Thumb Code   116  stm32f7xx_hal_uart.o(i.UART_WaitOnFlagUntilTimeout)
    USART1_IRQHandler                        0x0800a735   Thumb Code   108  usart.o(i.USART1_IRQHandler)
    UsageFault_Handler                       0x0800a7ad   Thumb Code     2  stm32f7xx_it.o(i.UsageFault_Handler)
    W25QXX_Init                              0x0800a7b1   Thumb Code   200  w25qxx.o(i.W25QXX_Init)
    W25QXX_ReadSR                            0x0800a87d   Thumb Code   100  w25qxx.o(i.W25QXX_ReadSR)
    W25QXX_Write_Enable                      0x0800a8e5   Thumb Code    60  w25qxx.o(i.W25QXX_Write_Enable)
    W25QXX_Write_SR                          0x0800a925   Thumb Code    88  w25qxx.o(i.W25QXX_Write_SR)
    WM8978_ADDA_Cfg                          0x0800a981   Thumb Code    50  wm8978.o(i.WM8978_ADDA_Cfg)
    WM8978_HPvol_Set                         0x0800a9b9   Thumb Code    42  wm8978.o(i.WM8978_HPvol_Set)
    WM8978_I2S_Cfg                           0x0800a9e3   Thumb Code    18  wm8978.o(i.WM8978_I2S_Cfg)
    WM8978_Init                              0x0800a9f5   Thumb Code   120  wm8978.o(i.WM8978_Init)
    WM8978_Input_Cfg                         0x0800aa6d   Thumb Code   178  wm8978.o(i.WM8978_Input_Cfg)
    WM8978_MIC_Gain                          0x0800ab25   Thumb Code    28  wm8978.o(i.WM8978_MIC_Gain)
    WM8978_Output_Cfg                        0x0800ab41   Thumb Code    38  wm8978.o(i.WM8978_Output_Cfg)
    WM8978_SPKvol_Set                        0x0800ab67   Thumb Code    32  wm8978.o(i.WM8978_SPKvol_Set)
    WM8978_Write_Reg                         0x0800ab89   Thumb Code    86  wm8978.o(i.WM8978_Write_Reg)
    _sys_exit                                0x0800abe5   Thumb Code     2  usart.o(i._sys_exit)
    buf_init                                 0x0800abe9   Thumb Code    82  recorder.o(i.buf_init)
    delay_init                               0x0800ac45   Thumb Code    16  delay.o(i.delay_init)
    delay_ms                                 0x0800ac59   Thumb Code    70  delay.o(i.delay_ms)
    delay_us                                 0x0800aca5   Thumb Code    46  delay.o(i.delay_us)
    fputc                                    0x0800acd9   Thumb Code    16  usart.o(i.fputc)
    generate_logistic                        0x0800aced   Thumb Code   110  recorder.o(i.generate_logistic)
    main                                     0x0800ad6d   Thumb Code   544  main.o(i.main)
    my_mem_init                              0x0800b035   Thumb Code    52  malloc.o(i.my_mem_init)
    my_mem_malloc                            0x0800b071   Thumb Code   134  malloc.o(i.my_mem_malloc)
    my_mem_perused                           0x0800b105   Thumb Code    58  malloc.o(i.my_mem_perused)
    mymalloc                                 0x0800b149   Thumb Code    30  malloc.o(i.mymalloc)
    rec_data                                 0x0800b16d   Thumb Code   220  recorder.o(i.rec_data)
    rec_sai_dma_rx_callback                  0x0800b25d   Thumb Code    98  recorder.o(i.rec_sai_dma_rx_callback)
    rec_sai_fifo_write                       0x0800b2d1   Thumb Code    78  recorder.o(i.rec_sai_fifo_write)
    receive_mode                             0x0800b329   Thumb Code   132  recorder.o(i.receive_mode)
    send_data                                0x0800b3b9   Thumb Code    98  recorder.o(i.send_data)
    send_mode                                0x0800b429   Thumb Code   132  recorder.o(i.send_mode)
    uart_init                                0x0800b4b9   Thumb Code    28  usart.o(i.uart_init)
    wav_sai_dma_tx_callback                  0x0800b4dd   Thumb Code    26  wavplay.o(i.wav_sai_dma_tx_callback)
    wm8978_config                            0x0800b501   Thumb Code   124  recorder.o(i.wm8978_config)
    _fp_init                                 0x0800b591   Thumb Code    10  fpinit.o(x$fpl$fpinit)
    __fplib_config_fpu_vfp                   0x0800b599   Thumb Code     0  fpinit.o(x$fpl$fpinit)
    __fplib_config_pureend_doubles           0x0800b599   Thumb Code     0  fpinit.o(x$fpl$fpinit)
    AHBPrescTable                            0x0800b59a   Data          16  system_stm32f7xx.o(.constdata)
    APBPrescTable                            0x0800b5aa   Data           8  system_stm32f7xx.o(.constdata)
    asc2_1206                                0x0800b5ba   Data        1140  lcd.o(.constdata)
    asc2_1608                                0x0800ba2e   Data        1520  lcd.o(.constdata)
    asc2_2412                                0x0800c01e   Data        3420  lcd.o(.constdata)
    asc2_3216                                0x0800cd7a   Data       12160  lcd.o(.constdata)
    SAI_PSC_TBL                              0x0800fcfa   Data         110  sai.o(.constdata)
    TX_ADDRESS                               0x0800fd68   Data           5  24l01.o(.constdata)
    RX_ADDRESS                               0x0800fd6d   Data           5  24l01.o(.constdata)
    memtblsize                               0x0800fd74   Data          12  malloc.o(.constdata)
    memblksize                               0x0800fd80   Data          12  malloc.o(.constdata)
    memsize                                  0x0800fd8c   Data          12  malloc.o(.constdata)
    Region$$Table$$Base                      0x0800fdc0   Number         0  anon$$obj.o(Region$$Table)
    Region$$Table$$Limit                     0x0800fde0   Number         0  anon$$obj.o(Region$$Table)
    mem3base                                 0x20000000   Data       61440  malloc.o(.ARM.__AT_0x20000000)
    mem3mapbase                              0x2000f000   Data        3840  malloc.o(.ARM.__AT_0x2000F000)
    SystemCoreClock                          0x20020000   Data           4  system_stm32f7xx.o(.data)
    uwTick                                   0x20020004   Data           4  stm32f7xx_hal.o(.data)
    USART_RX_STA                             0x2002000c   Data           2  usart.o(.data)
    __stdout                                 0x20020010   Data           4  usart.o(.data)
    POINT_COLOR                              0x20020014   Data           4  lcd.o(.data)
    BACK_COLOR                               0x20020018   Data           4  lcd.o(.data)
    ltdc_framebuf                            0x2002001c   Data           8  ltdc.o(.data)
    W25QXX_QPI_MODE                          0x20020024   Data           1  w25qxx.o(.data)
    W25QXX_TYPE                              0x20020026   Data           2  w25qxx.o(.data)
    sai_tx_callback                          0x2002002c   Data           4  sai.o(.data)
    sai_rx_callback                          0x20020030   Data           4  sai.o(.data)
    mallco_dev                               0x200200a8   Data          36  malloc.o(.data)
    wavtransferend                           0x200200cc   Data           1  wavplay.o(.data)
    wavwitchbuf                              0x200200cd   Data           1  wavplay.o(.data)
    t                                        0x200200d0   Data           1  recorder.o(.data)
    sairecfifordpos                          0x200200d1   Data           1  recorder.o(.data)
    sairecfifowrpos                          0x200200d2   Data           1  recorder.o(.data)
    sairecbuf1                               0x200200e8   Data           4  recorder.o(.data)
    sairecbuf2                               0x200200ec   Data           4  recorder.o(.data)
    sairecbuf3                               0x200200f0   Data           4  recorder.o(.data)
    sairecbuf4                               0x200200f4   Data           4  recorder.o(.data)
    recbuf                                   0x200200f8   Data           4  recorder.o(.data)
    sequence                                 0x200200fc   Data        4096  main.o(.bss)
    USART_RX_BUF                             0x200210fc   Data         200  usart.o(.bss)
    UART1_Handler                            0x200211c4   Data         112  usart.o(.bss)
    SDRAM_Handler                            0x20021234   Data          52  sdram.o(.bss)
    SRAM_Handler                             0x20021268   Data          76  lcd.o(.bss)
    lcddev                                   0x200212b4   Data          14  lcd.o(.bss)
    LTDC_Handler                             0x200212c4   Data         168  ltdc.o(.bss)
    lcdltdc                                  0x2002136c   Data          32  ltdc.o(.bss)
    QSPI_Handler                             0x2002138c   Data          68  qspi.o(.bss)
    SAI1A_Handler                            0x200213d0   Data         132  sai.o(.bss)
    SAI1B_Handler                            0x20021454   Data         132  sai.o(.bss)
    SAI1_TXDMA_Handler                       0x200214d8   Data          96  sai.o(.bss)
    SAI1_RXDMA_Handler                       0x20021538   Data          96  sai.o(.bss)
    SPI2_Handler                             0x20021598   Data         100  spi.o(.bss)
    mem1base                                 0x20021600   Data       307200  malloc.o(.bss)
    mem1mapbase                              0x2006c600   Data       19200  malloc.o(.bss)
    tmp_buf                                  0x20071100   Data          33  recorder.o(.bss)
    sairecfifobuf                            0x20071124   Data          40  recorder.o(.bss)
    __libspace_start                         0x2007114c   Data          96  libspace.o(.bss)
    __temporary_stack_top$libspace           0x200711ac   Data           0  libspace.o(.bss)
    ltdc_lcd_framebuf                        0xc0000000   Data       2048000  ltdc.o(.ARM.__AT_0xC0000000)
    mem2base                                 0xc01f4000   Data       29605888  malloc.o(.ARM.__AT_0xC01F4000)
    mem2mapbase                              0xc1e30000   Data       1850368  malloc.o(.ARM.__AT_0xC1E30000)



==============================================================================

Memory Map of the image

  Image Entry point : 0x080001f9

  Load Region LR_IROM1 (Base: 0x08000000, Size: 0x0000fedc, Max: 0x00100000, ABSOLUTE)

    Execution Region ER_IROM1 (Exec base: 0x08000000, Load base: 0x08000000, Size: 0x0000fde0, Max: 0x00100000, ABSOLUTE)

    Exec Addr    Load Addr    Size         Type   Attr      Idx    E Section Name        Object

    0x08000000   0x08000000   0x000001f8   Data   RO          790    RESET               startup_stm32f767xx.o
    0x080001f8   0x080001f8   0x00000008   Code   RO         6398  * !!!main             c_w.l(__main.o)
    0x08000200   0x08000200   0x00000034   Code   RO         6566    !!!scatter          c_w.l(__scatter.o)
    0x08000234   0x08000234   0x0000001a   Code   RO         6568    !!handler_copy      c_w.l(__scatter_copy.o)
    0x0800024e   0x0800024e   0x00000002   PAD
    0x08000250   0x08000250   0x0000001c   Code   RO         6570    !!handler_zi        c_w.l(__scatter_zi.o)
    0x0800026c   0x0800026c   0x00000000   Code   RO         6393    .ARM.Collect$$_printf_percent$$00000000  c_w.l(_printf_percent.o)
    0x0800026c   0x0800026c   0x00000006   Code   RO         6392    .ARM.Collect$$_printf_percent$$0000000C  c_w.l(_printf_x.o)
    0x08000272   0x08000272   0x00000004   Code   RO         6407    .ARM.Collect$$_printf_percent$$00000017  c_w.l(_printf_percent_end.o)
    0x08000276   0x08000276   0x00000002   Code   RO         6440    .ARM.Collect$$libinit$$00000000  c_w.l(libinit.o)
    0x08000278   0x08000278   0x00000004   Code   RO         6446    .ARM.Collect$$libinit$$00000001  c_w.l(libinit2.o)
    0x0800027c   0x0800027c   0x00000000   Code   RO         6449    .ARM.Collect$$libinit$$00000004  c_w.l(libinit2.o)
    0x0800027c   0x0800027c   0x00000000   Code   RO         6452    .ARM.Collect$$libinit$$0000000A  c_w.l(libinit2.o)
    0x0800027c   0x0800027c   0x00000000   Code   RO         6454    .ARM.Collect$$libinit$$0000000C  c_w.l(libinit2.o)
    0x0800027c   0x0800027c   0x00000000   Code   RO         6456    .ARM.Collect$$libinit$$0000000E  c_w.l(libinit2.o)
    0x0800027c   0x0800027c   0x00000000   Code   RO         6459    .ARM.Collect$$libinit$$00000011  c_w.l(libinit2.o)
    0x0800027c   0x0800027c   0x00000000   Code   RO         6461    .ARM.Collect$$libinit$$00000013  c_w.l(libinit2.o)
    0x0800027c   0x0800027c   0x00000000   Code   RO         6463    .ARM.Collect$$libinit$$00000015  c_w.l(libinit2.o)
    0x0800027c   0x0800027c   0x00000000   Code   RO         6465    .ARM.Collect$$libinit$$00000017  c_w.l(libinit2.o)
    0x0800027c   0x0800027c   0x00000000   Code   RO         6467    .ARM.Collect$$libinit$$00000019  c_w.l(libinit2.o)
    0x0800027c   0x0800027c   0x00000000   Code   RO         6469    .ARM.Collect$$libinit$$0000001B  c_w.l(libinit2.o)
    0x0800027c   0x0800027c   0x00000000   Code   RO         6471    .ARM.Collect$$libinit$$0000001D  c_w.l(libinit2.o)
    0x0800027c   0x0800027c   0x00000000   Code   RO         6473    .ARM.Collect$$libinit$$0000001F  c_w.l(libinit2.o)
    0x0800027c   0x0800027c   0x00000000   Code   RO         6475    .ARM.Collect$$libinit$$00000021  c_w.l(libinit2.o)
    0x0800027c   0x0800027c   0x00000000   Code   RO         6477    .ARM.Collect$$libinit$$00000023  c_w.l(libinit2.o)
    0x0800027c   0x0800027c   0x00000000   Code   RO         6479    .ARM.Collect$$libinit$$00000025  c_w.l(libinit2.o)
    0x0800027c   0x0800027c   0x00000000   Code   RO         6483    .ARM.Collect$$libinit$$0000002C  c_w.l(libinit2.o)
    0x0800027c   0x0800027c   0x00000000   Code   RO         6485    .ARM.Collect$$libinit$$0000002E  c_w.l(libinit2.o)
    0x0800027c   0x0800027c   0x00000000   Code   RO         6487    .ARM.Collect$$libinit$$00000030  c_w.l(libinit2.o)
    0x0800027c   0x0800027c   0x00000000   Code   RO         6489    .ARM.Collect$$libinit$$00000032  c_w.l(libinit2.o)
    0x0800027c   0x0800027c   0x00000002   Code   RO         6490    .ARM.Collect$$libinit$$00000033  c_w.l(libinit2.o)
    0x0800027e   0x0800027e   0x00000002   Code   RO         6508    .ARM.Collect$$libshutdown$$00000000  c_w.l(libshutdown.o)
    0x08000280   0x08000280   0x00000000   Code   RO         6518    .ARM.Collect$$libshutdown$$00000002  c_w.l(libshutdown2.o)
    0x08000280   0x08000280   0x00000000   Code   RO         6520    .ARM.Collect$$libshutdown$$00000004  c_w.l(libshutdown2.o)
    0x08000280   0x08000280   0x00000000   Code   RO         6523    .ARM.Collect$$libshutdown$$00000007  c_w.l(libshutdown2.o)
    0x08000280   0x08000280   0x00000000   Code   RO         6526    .ARM.Collect$$libshutdown$$0000000A  c_w.l(libshutdown2.o)
    0x08000280   0x08000280   0x00000000   Code   RO         6528    .ARM.Collect$$libshutdown$$0000000C  c_w.l(libshutdown2.o)
    0x08000280   0x08000280   0x00000000   Code   RO         6531    .ARM.Collect$$libshutdown$$0000000F  c_w.l(libshutdown2.o)
    0x08000280   0x08000280   0x00000002   Code   RO         6532    .ARM.Collect$$libshutdown$$00000010  c_w.l(libshutdown2.o)
    0x08000282   0x08000282   0x00000000   Code   RO         6402    .ARM.Collect$$rtentry$$00000000  c_w.l(__rtentry.o)
    0x08000282   0x08000282   0x00000000   Code   RO         6409    .ARM.Collect$$rtentry$$00000002  c_w.l(__rtentry2.o)
    0x08000282   0x08000282   0x00000006   Code   RO         6421    .ARM.Collect$$rtentry$$00000004  c_w.l(__rtentry4.o)
    0x08000288   0x08000288   0x00000000   Code   RO         6411    .ARM.Collect$$rtentry$$00000009  c_w.l(__rtentry2.o)
    0x08000288   0x08000288   0x00000004   Code   RO         6412    .ARM.Collect$$rtentry$$0000000A  c_w.l(__rtentry2.o)
    0x0800028c   0x0800028c   0x00000000   Code   RO         6414    .ARM.Collect$$rtentry$$0000000C  c_w.l(__rtentry2.o)
    0x0800028c   0x0800028c   0x00000008   Code   RO         6415    .ARM.Collect$$rtentry$$0000000D  c_w.l(__rtentry2.o)
    0x08000294   0x08000294   0x00000002   Code   RO         6444    .ARM.Collect$$rtexit$$00000000  c_w.l(rtexit.o)
    0x08000296   0x08000296   0x00000000   Code   RO         6492    .ARM.Collect$$rtexit$$00000002  c_w.l(rtexit2.o)
    0x08000296   0x08000296   0x00000004   Code   RO         6493    .ARM.Collect$$rtexit$$00000003  c_w.l(rtexit2.o)
    0x0800029a   0x0800029a   0x00000006   Code   RO         6494    .ARM.Collect$$rtexit$$00000004  c_w.l(rtexit2.o)
    0x080002a0   0x080002a0   0x00000040   Code   RO          791    .text               startup_stm32f767xx.o
    0x080002e0   0x080002e0   0x00000002   Code   RO         6343    .text               c_w.l(use_no_semi_2.o)
    0x080002e2   0x080002e2   0x00000002   PAD
    0x080002e4   0x080002e4   0x00000018   Code   RO         6347    .text               c_w.l(noretval__2printf.o)
    0x080002fc   0x080002fc   0x00000068   Code   RO         6349    .text               c_w.l(__printf.o)
    0x08000364   0x08000364   0x00000058   Code   RO         6354    .text               c_w.l(_printf_hex_int.o)
    0x080003bc   0x080003bc   0x00000006   Code   RO         6396    .text               c_w.l(heapauxi.o)
    0x080003c2   0x080003c2   0x00000002   Code   RO         6400    .text               c_w.l(use_no_semi.o)
    0x080003c4   0x080003c4   0x000000b2   Code   RO         6403    .text               c_w.l(_printf_intcommon.o)
    0x08000476   0x08000476   0x00000002   PAD
    0x08000478   0x08000478   0x00000024   Code   RO         6405    .text               c_w.l(_printf_char_file.o)
    0x0800049c   0x0800049c   0x00000030   Code   RO         6423    .text               c_w.l(_printf_char_common.o)
    0x080004cc   0x080004cc   0x00000008   Code   RO         6425    .text               c_w.l(ferror.o)
    0x080004d4   0x080004d4   0x0000004a   Code   RO         6429    .text               c_w.l(sys_stackheap_outer.o)
    0x0800051e   0x0800051e   0x00000012   Code   RO         6433    .text               c_w.l(exit.o)
    0x08000530   0x08000530   0x00000008   Code   RO         6441    .text               c_w.l(libspace.o)
    0x08000538   0x08000538   0x00000002   Code   RO          342    i.BusFault_Handler  stm32f7xx_it.o
    0x0800053a   0x0800053a   0x00000002   PAD
    0x0800053c   0x0800053c   0x00000088   Code   RO         4864    i.Cache_Enable      sys.o
    0x080005c4   0x080005c4   0x00000098   Code   RO         5671    i.DMA2_Stream3_IRQHandler  sai.o
    0x0800065c   0x0800065c   0x00000098   Code   RO         5672    i.DMA2_Stream5_IRQHandler  sai.o
    0x080006f4   0x080006f4   0x00000002   Code   RO          343    i.DebugMon_Handler  stm32f7xx_it.o
    0x080006f6   0x080006f6   0x00000002   PAD
    0x080006f8   0x080006f8   0x00000048   Code   RO         3198    i.FMC_NORSRAM_Extended_Timing_Init  stm32f7xx_ll_fmc.o
    0x08000740   0x08000740   0x0000007c   Code   RO         3199    i.FMC_NORSRAM_Init  stm32f7xx_ll_fmc.o
    0x080007bc   0x080007bc   0x00000064   Code   RO         3200    i.FMC_NORSRAM_Timing_Init  stm32f7xx_ll_fmc.o
    0x08000820   0x08000820   0x0000005e   Code   RO         3205    i.FMC_SDRAM_Init    stm32f7xx_ll_fmc.o
    0x0800087e   0x0800087e   0x0000000c   Code   RO         3206    i.FMC_SDRAM_ProgramRefreshRate  stm32f7xx_ll_fmc.o
    0x0800088a   0x0800088a   0x00000052   Code   RO         3207    i.FMC_SDRAM_SendCommand  stm32f7xx_ll_fmc.o
    0x080008dc   0x080008dc   0x00000092   Code   RO         3209    i.FMC_SDRAM_Timing_Init  stm32f7xx_ll_fmc.o
    0x0800096e   0x0800096e   0x00000002   PAD
    0x08000970   0x08000970   0x00000010   Code   RO         4865    i.Get_DCahceSta     sys.o
    0x08000980   0x08000980   0x0000007c   Code   RO         1179    i.HAL_DMAEx_MultiBufferStart  stm32f7xx_hal_dma_ex.o
    0x080009fc   0x080009fc   0x00000024   Code   RO         1088    i.HAL_DMA_Abort_IT  stm32f7xx_hal_dma.o
    0x08000a20   0x08000a20   0x00000084   Code   RO         1089    i.HAL_DMA_DeInit    stm32f7xx_hal_dma.o
    0x08000aa4   0x08000aa4   0x00000164   Code   RO         1093    i.HAL_DMA_Init      stm32f7xx_hal_dma.o
    0x08000c08   0x08000c08   0x00000244   Code   RO         1413    i.HAL_GPIO_Init     stm32f7xx_hal_gpio.o
    0x08000e4c   0x08000e4c   0x0000000a   Code   RO         1415    i.HAL_GPIO_ReadPin  stm32f7xx_hal_gpio.o
    0x08000e56   0x08000e56   0x0000000a   Code   RO         1417    i.HAL_GPIO_WritePin  stm32f7xx_hal_gpio.o
    0x08000e60   0x08000e60   0x0000000c   Code   RO          815    i.HAL_GetTick       stm32f7xx_hal.o
    0x08000e6c   0x08000e6c   0x00000010   Code   RO          816    i.HAL_IncTick       stm32f7xx_hal.o
    0x08000e7c   0x08000e7c   0x00000024   Code   RO          817    i.HAL_Init          stm32f7xx_hal.o
    0x08000ea0   0x08000ea0   0x00000028   Code   RO          818    i.HAL_InitTick      stm32f7xx_hal.o
    0x08000ec8   0x08000ec8   0x00000058   Code   RO         3619    i.HAL_LTDC_ConfigLayer  stm32f7xx_hal_ltdc.o
    0x08000f20   0x08000f20   0x0000010c   Code   RO         3636    i.HAL_LTDC_Init     stm32f7xx_hal_ltdc.o
    0x0800102c   0x0800102c   0x000000f4   Code   RO         5288    i.HAL_LTDC_MspInit  ltdc.o
    0x08001120   0x08001120   0x00000058   Code   RO         3651    i.HAL_LTDC_SetWindowPosition  stm32f7xx_hal_ltdc.o
    0x08001178   0x08001178   0x00000054   Code   RO         3653    i.HAL_LTDC_SetWindowSize  stm32f7xx_hal_ltdc.o
    0x080011cc   0x080011cc   0x00000054   Code   RO          969    i.HAL_MPU_ConfigRegion  stm32f7xx_hal_cortex.o
    0x08001220   0x08001220   0x00000002   Code   RO          820    i.HAL_MspInit       stm32f7xx_hal.o
    0x08001222   0x08001222   0x00000018   Code   RO          972    i.HAL_NVIC_EnableIRQ  stm32f7xx_hal_cortex.o
    0x0800123a   0x0800123a   0x00000002   PAD
    0x0800123c   0x0800123c   0x00000064   Code   RO          978    i.HAL_NVIC_SetPriority  stm32f7xx_hal_cortex.o
    0x080012a0   0x080012a0   0x00000024   Code   RO          979    i.HAL_NVIC_SetPriorityGrouping  stm32f7xx_hal_cortex.o
    0x080012c4   0x080012c4   0x0000007c   Code   RO         1606    i.HAL_PWREx_EnableOverDrive  stm32f7xx_hal_pwr_ex.o
    0x08001340   0x08001340   0x00000092   Code   RO         3993    i.HAL_QSPI_Command  stm32f7xx_hal_qspi.o
    0x080013d2   0x080013d2   0x00000002   PAD
    0x080013d4   0x080013d4   0x000000c0   Code   RO         4002    i.HAL_QSPI_Init     stm32f7xx_hal_qspi.o
    0x08001494   0x08001494   0x0000009c   Code   RO         5516    i.HAL_QSPI_MspInit  qspi.o
    0x08001530   0x08001530   0x000000c6   Code   RO         4006    i.HAL_QSPI_Receive  stm32f7xx_hal_qspi.o
    0x080015f6   0x080015f6   0x000000bc   Code   RO         4015    i.HAL_QSPI_Transmit  stm32f7xx_hal_qspi.o
    0x080016b2   0x080016b2   0x00000002   PAD
    0x080016b4   0x080016b4   0x00000134   Code   RO         1794    i.HAL_RCCEx_GetPeriphCLKFreq  stm32f7xx_hal_rcc_ex.o
    0x080017e8   0x080017e8   0x00000758   Code   RO         1795    i.HAL_RCCEx_PeriphCLKConfig  stm32f7xx_hal_rcc_ex.o
    0x08001f40   0x08001f40   0x00000184   Code   RO         1693    i.HAL_RCC_ClockConfig  stm32f7xx_hal_rcc.o
    0x080020c4   0x080020c4   0x00000030   Code   RO         1700    i.HAL_RCC_GetPCLK1Freq  stm32f7xx_hal_rcc.o
    0x080020f4   0x080020f4   0x00000030   Code   RO         1701    i.HAL_RCC_GetPCLK2Freq  stm32f7xx_hal_rcc.o
    0x08002124   0x08002124   0x00000098   Code   RO         1702    i.HAL_RCC_GetSysClockFreq  stm32f7xx_hal_rcc.o
    0x080021bc   0x080021bc   0x000003c4   Code   RO         1796    i.HAL_RCC_OscConfig  stm32f7xx_hal_rcc_ex.o
    0x08002580   0x08002580   0x00000044   Code   RO         4246    i.HAL_SAI_DeInit    stm32f7xx_hal_sai.o
    0x080025c4   0x080025c4   0x000001d4   Code   RO         4255    i.HAL_SAI_Init      stm32f7xx_hal_sai.o
    0x08002798   0x08002798   0x00000002   Code   RO         4257    i.HAL_SAI_MspDeInit  stm32f7xx_hal_sai.o
    0x0800279a   0x0800279a   0x00000002   PAD
    0x0800279c   0x0800279c   0x00000058   Code   RO         5673    i.HAL_SAI_MspInit   sai.o
    0x080027f4   0x080027f4   0x00000042   Code   RO         3466    i.HAL_SDRAM_Init    stm32f7xx_hal_sdram.o
    0x08002836   0x08002836   0x00000002   PAD
    0x08002838   0x08002838   0x000000e0   Code   RO         5003    i.HAL_SDRAM_MspInit  sdram.o
    0x08002918   0x08002918   0x00000024   Code   RO         3469    i.HAL_SDRAM_ProgramRefreshRate  stm32f7xx_hal_sdram.o
    0x0800293c   0x0800293c   0x0000002e   Code   RO         3475    i.HAL_SDRAM_SendCommand  stm32f7xx_hal_sdram.o
    0x0800296a   0x0800296a   0x000000d2   Code   RO         4523    i.HAL_SPI_Init      stm32f7xx_hal_spi.o
    0x08002a3c   0x08002a3c   0x00000058   Code   RO         6005    i.HAL_SPI_MspInit   spi.o
    0x08002a94   0x08002a94   0x00000308   Code   RO         4532    i.HAL_SPI_TransmitReceive  stm32f7xx_hal_spi.o
    0x08002d9c   0x08002d9c   0x00000056   Code   RO         3344    i.HAL_SRAM_Init     stm32f7xx_hal_sram.o
    0x08002df2   0x08002df2   0x00000002   PAD
    0x08002df4   0x08002df4   0x0000007c   Code   RO         5060    i.HAL_SRAM_MspInit  lcd.o
    0x08002e70   0x08002e70   0x00000016   Code   RO          981    i.HAL_SYSTICK_CLKSourceConfig  stm32f7xx_hal_cortex.o
    0x08002e86   0x08002e86   0x00000002   PAD
    0x08002e88   0x08002e88   0x0000002c   Code   RO          983    i.HAL_SYSTICK_Config  stm32f7xx_hal_cortex.o
    0x08002eb4   0x08002eb4   0x00000002   Code   RO         1850    i.HAL_UART_ErrorCallback  stm32f7xx_hal_uart.o
    0x08002eb6   0x08002eb6   0x00000002   PAD
    0x08002eb8   0x08002eb8   0x000001cc   Code   RO         1853    i.HAL_UART_IRQHandler  stm32f7xx_hal_uart.o
    0x08003084   0x08003084   0x0000006e   Code   RO         1854    i.HAL_UART_Init     stm32f7xx_hal_uart.o
    0x080030f2   0x080030f2   0x00000002   PAD
    0x080030f4   0x080030f4   0x00000090   Code   RO         4913    i.HAL_UART_MspInit  usart.o
    0x08003184   0x08003184   0x000000f6   Code   RO         1857    i.HAL_UART_Receive  stm32f7xx_hal_uart.o
    0x0800327a   0x0800327a   0x00000002   Code   RO         1860    i.HAL_UART_RxCpltCallback  stm32f7xx_hal_uart.o
    0x0800327c   0x0800327c   0x00000002   Code   RO         1865    i.HAL_UART_TxCpltCallback  stm32f7xx_hal_uart.o
    0x0800327e   0x0800327e   0x00000002   Code   RO          344    i.HardFault_Handler  stm32f7xx_it.o
    0x08003280   0x08003280   0x00000050   Code   RO         5571    i.IIC_Init          myiic.o
    0x080032d0   0x080032d0   0x00000078   Code   RO         5574    i.IIC_Send_Byte     myiic.o
    0x08003348   0x08003348   0x00000050   Code   RO         5575    i.IIC_Start         myiic.o
    0x08003398   0x08003398   0x00000050   Code   RO         5576    i.IIC_Stop          myiic.o
    0x080033e8   0x080033e8   0x000000ac   Code   RO         5577    i.IIC_Wait_Ack      myiic.o
    0x08003494   0x08003494   0x00000080   Code   RO         5637    i.KEY_Init          key.o
    0x08003514   0x08003514   0x000000e8   Code   RO         5638    i.KEY_Scan          key.o
    0x080035fc   0x080035fc   0x00000104   Code   RO         5066    i.LCD_Display_Dir   lcd.o
    0x08003700   0x08003700   0x00000260   Code   RO         5071    i.LCD_Fast_DrawPoint  lcd.o
    0x08003960   0x08003960   0x00000078   Code   RO         5072    i.LCD_Fill          lcd.o
    0x080039d8   0x080039d8   0x000049ec   Code   RO         5073    i.LCD_Init          lcd.o
    0x080083c4   0x080083c4   0x0000006c   Code   RO         5074    i.LCD_MPU_Config    lcd.o
    0x08008430   0x08008430   0x000000c0   Code   RO         5079    i.LCD_SSD_BackLightSet  lcd.o
    0x080084f0   0x080084f0   0x0000031c   Code   RO         5080    i.LCD_Scan_Dir      lcd.o
    0x0800880c   0x0800880c   0x000002bc   Code   RO         5081    i.LCD_SetCursor     lcd.o
    0x08008ac8   0x08008ac8   0x0000011c   Code   RO         5083    i.LCD_ShowChar      lcd.o
    0x08008be4   0x08008be4   0x00000062   Code   RO         5085    i.LCD_ShowString    lcd.o
    0x08008c46   0x08008c46   0x00000002   PAD
    0x08008c48   0x08008c48   0x0000004c   Code   RO         4974    i.LED_Init          led.o
    0x08008c94   0x08008c94   0x00000020   Code   RO         5289    i.LTDC_Clear        ltdc.o
    0x08008cb4   0x08008cb4   0x00000028   Code   RO         5292    i.LTDC_Display_Dir  ltdc.o
    0x08008cdc   0x08008cdc   0x00000044   Code   RO         5293    i.LTDC_Draw_Point   ltdc.o
    0x08008d20   0x08008d20   0x000000b8   Code   RO         5294    i.LTDC_Fill         ltdc.o
    0x08008dd8   0x08008dd8   0x0000024c   Code   RO         5295    i.LTDC_Init         ltdc.o
    0x08009024   0x08009024   0x00000060   Code   RO         5296    i.LTDC_Layer_Parameter_Config  ltdc.o
    0x08009084   0x08009084   0x000000c4   Code   RO         5299    i.LTDC_PanelID_Read  ltdc.o
    0x08009148   0x08009148   0x000001ce   Code   RO         3655    i.LTDC_SetConfig    stm32f7xx_hal_ltdc.o
    0x08009316   0x08009316   0x00000002   Code   RO          345    i.NMI_Handler       stm32f7xx_it.o
    0x08009318   0x08009318   0x0000007c   Code   RO         5915    i.NRF24L01_Check    24l01.o
    0x08009394   0x08009394   0x0000009c   Code   RO         5916    i.NRF24L01_Init     24l01.o
    0x08009430   0x08009430   0x00000060   Code   RO         5917    i.NRF24L01_RX_Mode  24l01.o
    0x08009490   0x08009490   0x0000008c   Code   RO         5920    i.NRF24L01_RxPacket  24l01.o
    0x0800951c   0x0800951c   0x00000070   Code   RO         5922    i.NRF24L01_TX_Mode  24l01.o
    0x0800958c   0x0800958c   0x00000090   Code   RO         5923    i.NRF24L01_TxPacket  24l01.o
    0x0800961c   0x0800961c   0x0000004c   Code   RO         5924    i.NRF24L01_Write_Buf  24l01.o
    0x08009668   0x08009668   0x00000034   Code   RO         5925    i.NRF24L01_Write_Reg  24l01.o
    0x0800969c   0x0800969c   0x00000002   Code   RO          346    i.PendSV_Handler    stm32f7xx_it.o
    0x0800969e   0x0800969e   0x00000246   Code   RO         4020    i.QSPI_Config       stm32f7xx_hal_qspi.o
    0x080098e4   0x080098e4   0x00000044   Code   RO         5517    i.QSPI_Init         qspi.o
    0x08009928   0x08009928   0x00000024   Code   RO         5518    i.QSPI_Receive      qspi.o
    0x0800994c   0x0800994c   0x0000003c   Code   RO         5519    i.QSPI_Send_CMD     qspi.o
    0x08009988   0x08009988   0x00000024   Code   RO         5520    i.QSPI_Transmit     qspi.o
    0x080099ac   0x080099ac   0x0000005a   Code   RO         4027    i.QSPI_WaitFlagStateUntilTimeout  stm32f7xx_hal_qspi.o
    0x08009a06   0x08009a06   0x00000002   PAD
    0x08009a08   0x08009a08   0x0000006c   Code   RO         5675    i.SAIA_Init         sai.o
    0x08009a74   0x08009a74   0x0000010c   Code   RO         5676    i.SAIA_RX_DMA_Init  sai.o
    0x08009b80   0x08009b80   0x00000094   Code   RO         5677    i.SAIA_SampleRate_Set  sai.o
    0x08009c14   0x08009c14   0x00000104   Code   RO         5678    i.SAIA_TX_DMA_Init  sai.o
    0x08009d18   0x08009d18   0x00000074   Code   RO         5680    i.SAIB_Init         sai.o
    0x08009d8c   0x08009d8c   0x00000044   Code   RO         4275    i.SAI_Disable       stm32f7xx_hal_sai.o
    0x08009dd0   0x08009dd0   0x00000014   Code   RO         5681    i.SAI_Play_Start    sai.o
    0x08009de4   0x08009de4   0x00000014   Code   RO         5682    i.SAI_Play_Stop     sai.o
    0x08009df8   0x08009df8   0x00000014   Code   RO         5683    i.SAI_Rec_Start     sai.o
    0x08009e0c   0x08009e0c   0x00000014   Code   RO         5684    i.SAI_Rec_Stop      sai.o
    0x08009e20   0x08009e20   0x000000a0   Code   RO         5004    i.SDRAM_Init        sdram.o
    0x08009ec0   0x08009ec0   0x00000040   Code   RO         5006    i.SDRAM_Send_Cmd    sdram.o
    0x08009f00   0x08009f00   0x00000068   Code   RO         6006    i.SPI2_Init         spi.o
    0x08009f68   0x08009f68   0x00000024   Code   RO         6007    i.SPI2_ReadWriteByte  spi.o
    0x08009f8c   0x08009f8c   0x00000034   Code   RO         6008    i.SPI2_SetSpeed     spi.o
    0x08009fc0   0x08009fc0   0x00000042   Code   RO         4558    i.SPI_EndRxTxTransaction  stm32f7xx_hal_spi.o
    0x0800a002   0x0800a002   0x000000b0   Code   RO         4565    i.SPI_WaitFifoStateUntilTimeout  stm32f7xx_hal_spi.o
    0x0800a0b2   0x0800a0b2   0x00000098   Code   RO         4566    i.SPI_WaitFlagStateUntilTimeout  stm32f7xx_hal_spi.o
    0x0800a14a   0x0800a14a   0x00000002   Code   RO          347    i.SVC_Handler       stm32f7xx_it.o
    0x0800a14c   0x0800a14c   0x000000a0   Code   RO         4867    i.Stm32_Clock_Init  sys.o
    0x0800a1ec   0x0800a1ec   0x00000004   Code   RO          348    i.SysTick_Handler   stm32f7xx_it.o
    0x0800a1f0   0x0800a1f0   0x00000058   Code   RO          633    i.SystemInit        system_stm32f7xx.o
    0x0800a248   0x0800a248   0x000000da   Code   RO         1867    i.UART_AdvFeatureConfig  stm32f7xx_hal_uart.o
    0x0800a322   0x0800a322   0x00000060   Code   RO         1868    i.UART_CheckIdleState  stm32f7xx_hal_uart.o
    0x0800a382   0x0800a382   0x00000014   Code   RO         1869    i.UART_DMAAbortOnError  stm32f7xx_hal_uart.o
    0x0800a396   0x0800a396   0x00000082   Code   RO         1875    i.UART_Receive_IT   stm32f7xx_hal_uart.o
    0x0800a418   0x0800a418   0x000002a8   Code   RO         1876    i.UART_SetConfig    stm32f7xx_hal_uart.o
    0x0800a6c0   0x0800a6c0   0x00000074   Code   RO         1877    i.UART_WaitOnFlagUntilTimeout  stm32f7xx_hal_uart.o
    0x0800a734   0x0800a734   0x00000078   Code   RO         4914    i.USART1_IRQHandler  usart.o
    0x0800a7ac   0x0800a7ac   0x00000002   Code   RO          349    i.UsageFault_Handler  stm32f7xx_it.o
    0x0800a7ae   0x0800a7ae   0x00000002   PAD
    0x0800a7b0   0x0800a7b0   0x000000cc   Code   RO         5406    i.W25QXX_Init       w25qxx.o
    0x0800a87c   0x0800a87c   0x00000068   Code   RO         5411    i.W25QXX_ReadSR     w25qxx.o
    0x0800a8e4   0x0800a8e4   0x00000040   Code   RO         5415    i.W25QXX_Write_Enable  w25qxx.o
    0x0800a924   0x0800a924   0x0000005c   Code   RO         5418    i.W25QXX_Write_SR   w25qxx.o
    0x0800a980   0x0800a980   0x00000038   Code   RO         5781    i.WM8978_ADDA_Cfg   wm8978.o
    0x0800a9b8   0x0800a9b8   0x0000002a   Code   RO         5789    i.WM8978_HPvol_Set  wm8978.o
    0x0800a9e2   0x0800a9e2   0x00000012   Code   RO         5790    i.WM8978_I2S_Cfg    wm8978.o
    0x0800a9f4   0x0800a9f4   0x00000078   Code   RO         5791    i.WM8978_Init       wm8978.o
    0x0800aa6c   0x0800aa6c   0x000000b8   Code   RO         5792    i.WM8978_Input_Cfg  wm8978.o
    0x0800ab24   0x0800ab24   0x0000001c   Code   RO         5794    i.WM8978_MIC_Gain   wm8978.o
    0x0800ab40   0x0800ab40   0x00000026   Code   RO         5795    i.WM8978_Output_Cfg  wm8978.o
    0x0800ab66   0x0800ab66   0x00000020   Code   RO         5797    i.WM8978_SPKvol_Set  wm8978.o
    0x0800ab86   0x0800ab86   0x00000002   PAD
    0x0800ab88   0x0800ab88   0x0000005c   Code   RO         5798    i.WM8978_Write_Reg  wm8978.o
    0x0800abe4   0x0800abe4   0x00000002   Code   RO         4915    i._sys_exit         usart.o
    0x0800abe6   0x0800abe6   0x00000002   PAD
    0x0800abe8   0x0800abe8   0x0000005c   Code   RO         6213    i.buf_init          recorder.o
    0x0800ac44   0x0800ac44   0x00000014   Code   RO         4819    i.delay_init        delay.o
    0x0800ac58   0x0800ac58   0x0000004c   Code   RO         4820    i.delay_ms          delay.o
    0x0800aca4   0x0800aca4   0x00000034   Code   RO         4821    i.delay_us          delay.o
    0x0800acd8   0x0800acd8   0x00000014   Code   RO         4916    i.fputc             usart.o
    0x0800acec   0x0800acec   0x00000080   Code   RO         6214    i.generate_logistic  recorder.o
    0x0800ad6c   0x0800ad6c   0x000002c8   Code   RO            4    i.main              main.o
    0x0800b034   0x0800b034   0x0000003c   Code   RO         6054    i.my_mem_init       malloc.o
    0x0800b070   0x0800b070   0x00000094   Code   RO         6055    i.my_mem_malloc     malloc.o
    0x0800b104   0x0800b104   0x00000044   Code   RO         6056    i.my_mem_perused    malloc.o
    0x0800b148   0x0800b148   0x00000024   Code   RO         6058    i.mymalloc          malloc.o
    0x0800b16c   0x0800b16c   0x000000f0   Code   RO         6215    i.rec_data          recorder.o
    0x0800b25c   0x0800b25c   0x00000074   Code   RO         6216    i.rec_sai_dma_rx_callback  recorder.o
    0x0800b2d0   0x0800b2d0   0x00000058   Code   RO         6218    i.rec_sai_fifo_write  recorder.o
    0x0800b328   0x0800b328   0x00000090   Code   RO         6219    i.receive_mode      recorder.o
    0x0800b3b8   0x0800b3b8   0x00000070   Code   RO         6225    i.send_data         recorder.o
    0x0800b428   0x0800b428   0x00000090   Code   RO         6226    i.send_mode         recorder.o
    0x0800b4b8   0x0800b4b8   0x00000024   Code   RO         4917    i.uart_init         usart.o
    0x0800b4dc   0x0800b4dc   0x00000024   Code   RO         6179    i.wav_sai_dma_tx_callback  wavplay.o
    0x0800b500   0x0800b500   0x00000090   Code   RO         6229    i.wm8978_config     recorder.o
    0x0800b590   0x0800b590   0x0000000a   Code   RO         6500    x$fpl$fpinit        fz_wv.l(fpinit.o)
    0x0800b59a   0x0800b59a   0x00000010   Data   RO          634    .constdata          system_stm32f7xx.o
    0x0800b5aa   0x0800b5aa   0x00000008   Data   RO          635    .constdata          system_stm32f7xx.o
    0x0800b5b2   0x0800b5b2   0x00000008   Data   RO         1099    .constdata          stm32f7xx_hal_dma.o
    0x0800b5ba   0x0800b5ba   0x00004740   Data   RO         5094    .constdata          lcd.o
    0x0800fcfa   0x0800fcfa   0x0000006e   Data   RO         5686    .constdata          sai.o
    0x0800fd68   0x0800fd68   0x0000000a   Data   RO         5926    .constdata          24l01.o
    0x0800fd72   0x0800fd72   0x00000002   PAD
    0x0800fd74   0x0800fd74   0x00000024   Data   RO         6068    .constdata          malloc.o
    0x0800fd98   0x0800fd98   0x00000028   Data   RO         6355    .constdata          c_w.l(_printf_hex_int.o)
    0x0800fdc0   0x0800fdc0   0x00000020   Data   RO         6564    Region$$Table       anon$$obj.o


    Execution Region RW_IRAM1 (Exec base: 0x20020000, Load base: 0x0800fde0, Size: 0x000517b0, Max: 0x00060000, ABSOLUTE)

    Exec Addr    Load Addr    Size         Type   Attr      Idx    E Section Name        Object

    0x20020000   0x0800fde0   0x00000004   Data   RW          636    .data               system_stm32f7xx.o
    0x20020004   0x0800fde4   0x00000004   Data   RW          823    .data               stm32f7xx_hal.o
    0x20020008   0x0800fde8   0x00000004   Data   RW         4822    .data               delay.o
    0x2002000c   0x0800fdec   0x00000002   Data   RW         4919    .data               usart.o
    0x2002000e   0x0800fdee   0x00000002   PAD
    0x20020010   0x0800fdf0   0x00000004   Data   RW         4920    .data               usart.o
    0x20020014   0x0800fdf4   0x00000008   Data   RW         5095    .data               lcd.o
    0x2002001c   0x0800fdfc   0x00000008   Data   RW         5306    .data               ltdc.o
    0x20020024   0x0800fe04   0x00000004   Data   RW         5420    .data               w25qxx.o
    0x20020028   0x0800fe08   0x00000001   Data   RW         5639    .data               key.o
    0x20020029   0x0800fe09   0x00000003   PAD
    0x2002002c   0x0800fe0c   0x00000008   Data   RW         5687    .data               sai.o
    0x20020034   0x0800fe14   0x00000074   Data   RW         5799    .data               wm8978.o
    0x200200a8   0x0800fe88   0x00000024   Data   RW         6069    .data               malloc.o
    0x200200cc   0x0800feac   0x00000002   Data   RW         6181    .data               wavplay.o
    0x200200ce   0x0800feae   0x00000002   PAD
    0x200200d0   0x0800feb0   0x0000002c   Data   RW         6232    .data               recorder.o
    0x200200fc        -       0x00001000   Zero   RW            5    .bss                main.o
    0x200210fc        -       0x00000138   Zero   RW         4918    .bss                usart.o
    0x20021234        -       0x00000034   Zero   RW         5007    .bss                sdram.o
    0x20021268        -       0x0000005a   Zero   RW         5093    .bss                lcd.o
    0x200212c2   0x0800fedc   0x00000002   PAD
    0x200212c4        -       0x000000c8   Zero   RW         5304    .bss                ltdc.o
    0x2002138c        -       0x00000044   Zero   RW         5521    .bss                qspi.o
    0x200213d0        -       0x000001c8   Zero   RW         5685    .bss                sai.o
    0x20021598        -       0x00000064   Zero   RW         6009    .bss                spi.o
    0x200215fc   0x0800fedc   0x00000004   PAD
    0x20021600        -       0x0004b000   Zero   RW         6066    .bss                malloc.o
    0x2006c600        -       0x00004b00   Zero   RW         6067    .bss                malloc.o
    0x20071100        -       0x0000004c   Zero   RW         6230    .bss                recorder.o
    0x2007114c        -       0x00000060   Zero   RW         6442    .bss                c_w.l(libspace.o)
    0x200711ac   0x0800fedc   0x00000004   PAD
    0x200711b0        -       0x00000200   Zero   RW          789    HEAP                startup_stm32f767xx.o
    0x200713b0        -       0x00000400   Zero   RW          788    STACK               startup_stm32f767xx.o



  Load Region LR$$.ARM.__AT_0x20000000 (Base: 0x20000000, Size: 0x00000000, Max: 0x0000f000, ABSOLUTE)

    Execution Region ER$$.ARM.__AT_0x20000000 (Exec base: 0x20000000, Load base: 0x20000000, Size: 0x0000f000, Max: 0x0000f000, ABSOLUTE, UNINIT)

    Exec Addr    Load Addr    Size         Type   Attr      Idx    E Section Name        Object

    0x20000000        -       0x0000f000   Zero   RW         6062    .ARM.__AT_0x20000000  malloc.o



  Load Region LR$$.ARM.__AT_0x2000F000 (Base: 0x2000f000, Size: 0x00000000, Max: 0x00000f00, ABSOLUTE)

    Execution Region ER$$.ARM.__AT_0x2000F000 (Exec base: 0x2000f000, Load base: 0x2000f000, Size: 0x00000f00, Max: 0x00000f00, ABSOLUTE, UNINIT)

    Exec Addr    Load Addr    Size         Type   Attr      Idx    E Section Name        Object

    0x2000f000        -       0x00000f00   Zero   RW         6063    .ARM.__AT_0x2000F000  malloc.o



  Load Region LR$$.ARM.__AT_0xC0000000 (Base: 0xc0000000, Size: 0x00000000, Max: 0x001f4000, ABSOLUTE)

    Execution Region ER$$.ARM.__AT_0xC0000000 (Exec base: 0xc0000000, Load base: 0xc0000000, Size: 0x001f4000, Max: 0x001f4000, ABSOLUTE, UNINIT)

    Exec Addr    Load Addr    Size         Type   Attr      Idx    E Section Name        Object

    0xc0000000        -       0x001f4000   Zero   RW         5303    .ARM.__AT_0xC0000000  ltdc.o



  Load Region LR$$.ARM.__AT_0xC01F4000 (Base: 0xc01f4000, Size: 0x00000000, Max: 0x01c3c000, ABSOLUTE)

    Execution Region ER$$.ARM.__AT_0xC01F4000 (Exec base: 0xc01f4000, Load base: 0xc01f4000, Size: 0x01c3c000, Max: 0x01c3c000, ABSOLUTE, UNINIT)

    Exec Addr    Load Addr    Size         Type   Attr      Idx    E Section Name        Object

    0xc01f4000        -       0x01c3c000   Zero   RW         6064    .ARM.__AT_0xC01F4000  malloc.o



  Load Region LR$$.ARM.__AT_0xC1E30000 (Base: 0xc1e30000, Size: 0x00000000, Max: 0x001c3c00, ABSOLUTE)

    Execution Region ER$$.ARM.__AT_0xC1E30000 (Exec base: 0xc1e30000, Load base: 0xc1e30000, Size: 0x001c3c00, Max: 0x001c3c00, ABSOLUTE, UNINIT)

    Exec Addr    Load Addr    Size         Type   Attr      Idx    E Section Name        Object

    0xc1e30000        -       0x001c3c00   Zero   RW         6065    .ARM.__AT_0xC1E30000  malloc.o


==============================================================================

Image component sizes


      Code (inc. data)   RO Data    RW Data    ZI Data      Debug   Object Name

       900         74         10          0          0       6957   24l01.o
       148         16          0          4          0       3447   delay.o
       360         32          0          1          0       1798   key.o
     22214        184      18240          8         90      99537   lcd.o
        76          8          0          0          0        863   led.o
      1448        124          0          8    2048200       8996   ltdc.o
       712        168          0          0       4096     247762   main.o
       312         38         36         36   31847936       4999   malloc.o
       532         28          0          0          0       3398   myiic.o
       356         44          0          0         68       3757   qspi.o
      1208        134          0         44         76      39402   recorder.o
      1372        226        110          8        456       9128   sai.o
       448         40          0          0         52       3036   sdram.o
       280         30          0          0        100       2934   spi.o
        64         26        504          0       1536        828   startup_stm32f767xx.o
       106         22          0          4          0       3729   stm32f7xx_hal.o
       310         22          0          0          0      36512   stm32f7xx_hal_cortex.o
       524         20          8          0          0       3659   stm32f7xx_hal_dma.o
       124          0          0          0          0       1665   stm32f7xx_hal_dma_ex.o
       600         16          0          0          0       3315   stm32f7xx_hal_gpio.o
       990          6          0          0          0       4693   stm32f7xx_hal_ltdc.o
       124         10          0          0          0       1296   stm32f7xx_hal_pwr_ex.o
      1396          4          0          0          0       7382   stm32f7xx_hal_qspi.o
       636         64          0          0          0       3838   stm32f7xx_hal_rcc.o
      3152         84          0          0          0       5669   stm32f7xx_hal_rcc_ex.o
       606         40          0          0          0       3928   stm32f7xx_hal_sai.o
       148          0          0          0          0       2776   stm32f7xx_hal_sdram.o
      1380          0          0          0          0       5777   stm32f7xx_hal_spi.o
        86          0          0          0          0       1232   stm32f7xx_hal_sram.o
      2082         42          0          0          0      10939   stm32f7xx_hal_uart.o
        18          0          0          0          0     454070   stm32f7xx_it.o
       630         12          0          0          0       6152   stm32f7xx_ll_fmc.o
       312         34          0          0          0      34013   sys.o
        88         24         24          4          0       1095   system_stm32f7xx.o
       322         38          0          6        312       4859   usart.o
       464         16          0          4          0       4123   w25qxx.o
        36         10          0          2          0       1509   wavplay.o
       610         18          0        116          0       7041   wm8978.o

    ----------------------------------------------------------------------
     45208       1654      18966        252   33902928    1046114   Object Totals
         0          0         32          0          0          0   (incl. Generated)
        34          0          2          7          6          0   (incl. Padding)

    ----------------------------------------------------------------------

      Code (inc. data)   RO Data    RW Data    ZI Data      Debug   Library Member Name

         8          0          0          0          0         68   __main.o
       104          0          0          0          0         84   __printf.o
         0          0          0          0          0          0   __rtentry.o
        12          0          0          0          0          0   __rtentry2.o
         6          0          0          0          0          0   __rtentry4.o
        52          8          0          0          0          0   __scatter.o
        26          0          0          0          0          0   __scatter_copy.o
        28          0          0          0          0          0   __scatter_zi.o
        48          6          0          0          0         96   _printf_char_common.o
        36          4          0          0          0         80   _printf_char_file.o
        88          4         40          0          0         88   _printf_hex_int.o
       178          0          0          0          0         88   _printf_intcommon.o
         0          0          0          0          0          0   _printf_percent.o
         4          0          0          0          0          0   _printf_percent_end.o
         6          0          0          0          0          0   _printf_x.o
        18          0          0          0          0         80   exit.o
         8          0          0          0          0         68   ferror.o
         6          0          0          0          0        152   heapauxi.o
         2          0          0          0          0          0   libinit.o
         6          0          0          0          0          0   libinit2.o
         2          0          0          0          0          0   libshutdown.o
         2          0          0          0          0          0   libshutdown2.o
         8          4          0          0         96         68   libspace.o
        24          4          0          0          0         84   noretval__2printf.o
         2          0          0          0          0          0   rtexit.o
        10          0          0          0          0          0   rtexit2.o
        74          0          0          0          0         80   sys_stackheap_outer.o
         2          0          0          0          0         68   use_no_semi.o
         2          0          0          0          0         68   use_no_semi_2.o
        10          0          0          0          0        116   fpinit.o

    ----------------------------------------------------------------------
       778         30         40          0        100       1288   Library Totals
         6          0          0          0          4          0   (incl. Padding)

    ----------------------------------------------------------------------

      Code (inc. data)   RO Data    RW Data    ZI Data      Debug   Library Name

       762         30         40          0         96       1172   c_w.l
        10          0          0          0          0        116   fz_wv.l

    ----------------------------------------------------------------------
       778         30         40          0        100       1288   Library Totals

    ----------------------------------------------------------------------

==============================================================================


      Code (inc. data)   RO Data    RW Data    ZI Data      Debug   

     45986       1684      19006        252   33903028    1030182   Grand Totals
     45986       1684      19006        252   33903028    1030182   ELF Image Totals
     45986       1684      19006        252          0          0   ROM Totals

==============================================================================

    Total RO  Size (Code + RO Data)                64992 (  63.47kB)
    Total RW  Size (RW Data + ZI Data)          33903280 (33108.67kB)
    Total ROM Size (Code + RO Data + RW Data)      65244 (  63.71kB)

==============================================================================

