<html>
<body>
<pre>
<h1>µVision Build Log</h1>
<h2>Tool Versions:</h2>
IDE-Version: ¶ÃVision V5.25.2.0
Copyright (C) 2018 ARM Ltd and ARM Germany GmbH. All rights reserved.
License Information: j hb, AA, LIC=KIVFW-QT1DX-ZD3K6-D5XUB-LU2XB-714EM
 
Tool Versions:
Toolchain:       MDK-ARM Professional  Version: 5.25.2.0
Toolchain Path:  F:\Software_study\Keil_v5\ARM\ARMCC\Bin
C Compiler:      Armcc.exe V5.06 update 6 (build 750)
Assembler:       Armasm.exe V5.06 update 6 (build 750)
Linker/Locator:  ArmLink.exe V5.06 update 6 (build 750)
Library Manager: ArmAr.exe V5.06 update 6 (build 750)
Hex Converter:   FromElf.exe V5.06 update 6 (build 750)
CPU DLL:         SARMCM3.DLL V5.25.2.0
Dialog DLL:      DCM.DLL V1.17.1.0
Target DLL:      STLink\ST-LINKIII-KEIL_SWO.dll V3.0.1.0
Dialog DLL:      TCM.DLL V1.35.1.0
 
<h2>Project:</h2>
C:\Users\JHB\Desktop\Ω” ’\USER\RECOREDER.uvprojx
Project File Date:  10/24/2018

<h2>Output:</h2>
*** Using Compiler 'V5.06 update 6 (build 750)', folder: 'F:\Software_study\Keil_v5\ARM\ARMCC\Bin'
Build target 'RECOREDER'
compiling main.c...
main.c(48): warning:  #223-D: function "buf_init" declared implicitly
  		buf_init();
main.c(49): warning:  #223-D: function "wm8978_config" declared implicitly
  		wm8978_config();
main.c(51): warning:  #223-D: function "generate_logistic" declared implicitly
  		generate_logistic(sequence);
main.c(90): warning:  #223-D: function "receive_mode" declared implicitly
  			receive_mode();
main.c(102): warning:  #223-D: function "rec_data" declared implicitly
  					while(1) rec_data(0);
main.c(111): warning:  #223-D: function "rec_data" declared implicitly
  					while(1) rec_data(1);
main.c(123): warning:  #223-D: function "send_mode" declared implicitly
  				send_mode();
main.c(134): warning:  #223-D: function "send_data" declared implicitly
  						while(1) send_data(0);
main.c(143): warning:  #223-D: function "send_data" declared implicitly
  						while(1) send_data(1);
main.c: 9 warnings, 0 errors
linking...
Program Size: Code=45986 RO-data=19006 RW-data=252 ZI-data=33903028  
FromELF: creating hex file...
"..\OBJ\RECORDER.axf" - 0 Error(s), 9 Warning(s).

<h2>Software Packages used:</h2>

Package Vendor: Keil
                http://www.keil.com/pack/Keil.STM32F7xx_DFP.2.11.0.pack
                Keil.STM32F7xx_DFP.2.11.0
                STMicroelectronics STM32F7 Series Device Support, Drivers and Examples

<h2>Collection of Component include folders:</h2>
  .\RTE\_RECOREDER
  F:\Software_study\Keil_v5\ARM\PACK\Keil\STM32F7xx_DFP\2.11.0\Drivers\CMSIS\Device\ST\STM32F7xx\Include

<h2>Collection of Component Files used:</h2>
Build Time Elapsed:  00:00:04
</pre>
</body>
</html>
